<html>
<body>
<pre>
<h1>礦ision Build Log</h1>
<h2>Tool Versions:</h2>
IDE-Version: μVision V5.14.0.0
Copyright (C) 2015 ARM Ltd and ARM Germany GmbH. All rights reserved.
License Information: huangjie18 Microsoft, Microsoft, LIC=FQQBS-L8JIL-04LSQ-NRN9R-0BQKG-HDE7P
 
Tool Versions:
Toolchain:       MDK-ARM Professional  Version: 5.14.0.0
Toolchain Path:  C:\Keil_v5\ARM\ARMCC\Bin
C Compiler:      Armcc.exe V5.05 update 1 (build 106)
Assembler:       Armasm.exe V5.05 update 1 (build 106)
Linker/Locator:  ArmLink.exe V5.05 update 1 (build 106)
Library Manager: ArmAr.exe V5.05 update 1 (build 106)
Hex Converter:   FromElf.exe V5.05 update 1 (build 106)
CPU DLL:         SARMCM3.DLL V5.14.0.0
Dialog DLL:      DARMSTM.DLL V1.65.0.0
Target DLL:      STLink\ST-LINKIII-KEIL_SWO.dll V2.0.14.0_KEIL
Dialog DLL:      TARMSTM.DLL V1.64.0.0
 
<h2>Project:</h2>
E:\STM32F1开发\Camera and uc_gui_ILI9327_２.４寸带触摸16比9\uVision3\Camera and uc_gui_2.0.uvprojx
Project File Date:  08/19/2017

<h2>Output:</h2>
Build target 'Tiky Camera with ucgui and GPS'
creating preprocessor file for stm32f10x_it.c...
creating preprocessor file for core_cm3.c...
creating preprocessor file for system_stm32f10x.c...
creating preprocessor file for ADC.C...
creating preprocessor file for main.c...
compiling main.c...
creating preprocessor file for serialnum.c...
creating preprocessor file for Font_lib_SD.c...
creating preprocessor file for GUI_X.c...
creating preprocessor file for ucGUI_Practice.c...
creating preprocessor file for Dialog_All.c...
creating preprocessor file for DIALOG_SliderColor.c...
creating preprocessor file for WM_LateClipping.c...
creating preprocessor file for DIALOG_NestedModal.c...
creating preprocessor file for WIDGET_Effect.c...
creating preprocessor file for WIDGET_NumPad.c...
creating preprocessor file for WIDGET_Multipage.c...
creating preprocessor file for WIDGET_ButtonRound.c...
creating preprocessor file for GPS_tiky.c...
..\code\GPS\GPS_tiky.h(15): warning:  #1-D: last line of file ends without a newline
  void GPS_button(unsigned char i);
..\code\GPS\GPS_tiky.c: 1 warning, 0 errors
creating preprocessor file for ff.c...
creating preprocessor file for diskio.c...
creating preprocessor file for My_FF.c...
creating preprocessor file for delay.c...
creating preprocessor file for fifo.c...
creating preprocessor file for ov7670.c...
creating preprocessor file for OV7670_test.c...
..\code\driver\msd.h(38): warning:  #47-D: incompatible redefinition of macro "SPI_MISO" (declared at line 26 of "..\code\TFT\touch.h")
  #define        SPI_MISO         GPIO_Pin_6
..\code\OV7670\OV7670_test.c: 1 warning, 0 errors
creating preprocessor file for sccb.c...
creating preprocessor file for my_menu.c...
..\code\menu\my_menu.c(544): warning:  #47-D: incompatible redefinition of macro "B_L" (declared at line 195)
  #define  B_L   67
..\code\menu\my_menu.c: 1 warning, 0 errors
creating preprocessor file for RTC.c...
creating preprocessor file for calendar.c...
creating preprocessor file for ILI9325.c...
creating preprocessor file for picdemo.c...
..\code\driver\msd.h(38): warning:  #47-D: incompatible redefinition of macro "SPI_MISO" (declared at line 26 of "..\code\TFT\touch.h")
  #define        SPI_MISO         GPIO_Pin_6
..\code\TFT\picdemo.c: 1 warning, 0 errors
creating preprocessor file for lcm_api.c...
creating preprocessor file for touch.c...
creating preprocessor file for msd.c...
creating preprocessor file for SysConfig.c...
creating preprocessor file for uart.c...
creating preprocessor file for stm32f10x_adc.c...
creating preprocessor file for stm32f10x_gpio.c...
creating preprocessor file for stm32f10x_rtc.c...
creating preprocessor file for stm32f10x_rcc.c...
creating preprocessor file for stm32f10x_spi.c...
creating preprocessor file for stm32f10x_tim.c...
creating preprocessor file for stm32f10x_usart.c...
creating preprocessor file for stm32f10x_dma.c...
creating preprocessor file for stm32f10x_exti.c...
creating preprocessor file for stm32f10x_bkp.c...
creating preprocessor file for misc.c...
creating preprocessor file for stm32f10x_pwr.c...
creating preprocessor file for stm32f10x_fsmc.c...
creating preprocessor file for LCDNull.c...
linking...
Program Size: Code=15432 RO-data=3672 RW-data=240 ZI-data=8920  
FromELF: creating hex file...
"..\Output\tiky.axf" - 0 Error(s), 4 Warning(s).

<h2>Collection of Component include folders:</h2>
  E:\STM32F1开发\Camera and uc_gui_ILI9327_２.４寸带触摸16比9\uVision3\RTE
  C:\Keil_v5\ARM\PACK\Keil\STM32F1xx_DFP\1.0.5\Device\Include

<h2>Collection of Component Files used:</h2>
</pre>
</body>
</html>
