Component: ARM Compiler 5.05 update 1 (build 106) Tool: armlink [4d0efa]

==============================================================================

Section Cross References

    stm32f10x_it.o(i.EXTI15_10_IRQHandler) refers to stm32f10x_exti.o(i.EXTI_GetITStatus) for EXTI_GetITStatus
    stm32f10x_it.o(i.EXTI15_10_IRQHandler) refers to stm32f10x_gpio.o(i.GPIO_ResetBits) for GPIO_ResetBits
    stm32f10x_it.o(i.EXTI15_10_IRQHandler) refers to stm32f10x_exti.o(i.EXTI_ClearITPendingBit) for EXTI_ClearITPendingBit
    stm32f10x_it.o(i.EXTI15_10_IRQHandler) refers to ov7670_test.o(.data) for OV7670_Done_FLAG
    stm32f10x_it.o(i.EXTI1_IRQHandler) refers to stm32f10x_exti.o(i.EXTI_ClearITPendingBit) for EXTI_ClearITPendingBit
    stm32f10x_it.o(i.RTCAlarm_IRQHandler) refers to stm32f10x_exti.o(i.EXTI_ClearITPendingBit) for EXTI_ClearITPendingBit
    stm32f10x_it.o(i.SysTick_Handler) refers to stm32f10x_it.o(.data) for .data
    stm32f10x_it.o(i.TIM2_IRQHandler) refers to stm32f10x_tim.o(i.TIM_GetITStatus) for TIM_GetITStatus
    stm32f10x_it.o(i.TIM2_IRQHandler) refers to gui_touch_driveranalog.o(.text) for GUI_TOUCH_Exec
    stm32f10x_it.o(i.TIM2_IRQHandler) refers to stm32f10x_tim.o(i.TIM_ClearITPendingBit) for TIM_ClearITPendingBit
    stm32f10x_it.o(i.TIM2_IRQHandler) refers to gui_x.o(.data) for OS_TimeMS
    system_stm32f10x.o(i.SystemCoreClockUpdate) refers to system_stm32f10x.o(.data) for .data
    system_stm32f10x.o(i.SystemInit) refers to system_stm32f10x.o(i.SetSysClockTo72) for SetSysClockTo72
    startup_stm32f10x_md.o(STACK) refers (Special) to heapauxi.o(.text) for __use_two_region_memory
    startup_stm32f10x_md.o(HEAP) refers (Special) to heapauxi.o(.text) for __use_two_region_memory
    startup_stm32f10x_md.o(RESET) refers (Special) to heapauxi.o(.text) for __use_two_region_memory
    startup_stm32f10x_md.o(RESET) refers to startup_stm32f10x_md.o(STACK) for __initial_sp
    startup_stm32f10x_md.o(RESET) refers to startup_stm32f10x_md.o(.text) for Reset_Handler
    startup_stm32f10x_md.o(RESET) refers to stm32f10x_it.o(i.SysTick_Handler) for SysTick_Handler
    startup_stm32f10x_md.o(RESET) refers to stm32f10x_it.o(i.WWDG_IRQHandler) for WWDG_IRQHandler
    startup_stm32f10x_md.o(RESET) refers to stm32f10x_it.o(i.PVD_IRQHandler) for PVD_IRQHandler
    startup_stm32f10x_md.o(RESET) refers to stm32f10x_it.o(i.TAMPER_IRQHandler) for TAMPER_IRQHandler
    startup_stm32f10x_md.o(RESET) refers to stm32f10x_it.o(i.RTC_IRQHandler) for RTC_IRQHandler
    startup_stm32f10x_md.o(RESET) refers to stm32f10x_it.o(i.FLASH_IRQHandler) for FLASH_IRQHandler
    startup_stm32f10x_md.o(RESET) refers to stm32f10x_it.o(i.RCC_IRQHandler) for RCC_IRQHandler
    startup_stm32f10x_md.o(RESET) refers to stm32f10x_it.o(i.EXTI0_IRQHandler) for EXTI0_IRQHandler
    startup_stm32f10x_md.o(RESET) refers to stm32f10x_it.o(i.EXTI1_IRQHandler) for EXTI1_IRQHandler
    startup_stm32f10x_md.o(RESET) refers to stm32f10x_it.o(i.EXTI2_IRQHandler) for EXTI2_IRQHandler
    startup_stm32f10x_md.o(RESET) refers to stm32f10x_it.o(i.EXTI3_IRQHandler) for EXTI3_IRQHandler
    startup_stm32f10x_md.o(RESET) refers to stm32f10x_it.o(i.EXTI4_IRQHandler) for EXTI4_IRQHandler
    startup_stm32f10x_md.o(RESET) refers to stm32f10x_it.o(i.EXTI9_5_IRQHandler) for EXTI9_5_IRQHandler
    startup_stm32f10x_md.o(RESET) refers to stm32f10x_it.o(i.TIM1_BRK_IRQHandler) for TIM1_BRK_IRQHandler
    startup_stm32f10x_md.o(RESET) refers to stm32f10x_it.o(i.TIM1_UP_IRQHandler) for TIM1_UP_IRQHandler
    startup_stm32f10x_md.o(RESET) refers to stm32f10x_it.o(i.TIM1_TRG_COM_IRQHandler) for TIM1_TRG_COM_IRQHandler
    startup_stm32f10x_md.o(RESET) refers to stm32f10x_it.o(i.TIM1_CC_IRQHandler) for TIM1_CC_IRQHandler
    startup_stm32f10x_md.o(RESET) refers to stm32f10x_it.o(i.TIM2_IRQHandler) for TIM2_IRQHandler
    startup_stm32f10x_md.o(RESET) refers to stm32f10x_it.o(i.TIM3_IRQHandler) for TIM3_IRQHandler
    startup_stm32f10x_md.o(RESET) refers to stm32f10x_it.o(i.TIM4_IRQHandler) for TIM4_IRQHandler
    startup_stm32f10x_md.o(RESET) refers to stm32f10x_it.o(i.I2C1_EV_IRQHandler) for I2C1_EV_IRQHandler
    startup_stm32f10x_md.o(RESET) refers to stm32f10x_it.o(i.I2C1_ER_IRQHandler) for I2C1_ER_IRQHandler
    startup_stm32f10x_md.o(RESET) refers to stm32f10x_it.o(i.I2C2_EV_IRQHandler) for I2C2_EV_IRQHandler
    startup_stm32f10x_md.o(RESET) refers to stm32f10x_it.o(i.I2C2_ER_IRQHandler) for I2C2_ER_IRQHandler
    startup_stm32f10x_md.o(RESET) refers to stm32f10x_it.o(i.SPI1_IRQHandler) for SPI1_IRQHandler
    startup_stm32f10x_md.o(RESET) refers to stm32f10x_it.o(i.SPI2_IRQHandler) for SPI2_IRQHandler
    startup_stm32f10x_md.o(RESET) refers to stm32f10x_it.o(i.USART1_IRQHandler) for USART1_IRQHandler
    startup_stm32f10x_md.o(RESET) refers to stm32f10x_it.o(i.USART2_IRQHandler) for USART2_IRQHandler
    startup_stm32f10x_md.o(RESET) refers to stm32f10x_it.o(i.USART3_IRQHandler) for USART3_IRQHandler
[...]
    i.EXTI4_IRQHandler                       0x080033fa   Section        0  stm32f10x_it.o(i.EXTI4_IRQHandler)
    i.EXTI9_5_IRQHandler                     0x080033fc   Section        0  stm32f10x_it.o(i.EXTI9_5_IRQHandler)
    i.EXTI_ClearITPendingBit                 0x08003400   Section        0  stm32f10x_exti.o(i.EXTI_ClearITPendingBit)
    i.EXTI_GetITStatus                       0x0800340c   Section        0  stm32f10x_exti.o(i.EXTI_GetITStatus)
    i.FLASH_IRQHandler                       0x0800342c   Section        0  stm32f10x_it.o(i.FLASH_IRQHandler)
    i.GPIO_Init                              0x0800342e   Section        0  stm32f10x_gpio.o(i.GPIO_Init)
    i.GPIO_ReadInputDataBit                  0x080034ca   Section        0  stm32f10x_gpio.o(i.GPIO_ReadInputDataBit)
    i.GPIO_ResetBits                         0x080034d8   Section        0  stm32f10x_gpio.o(i.GPIO_ResetBits)
    i.GPIO_SetBits                           0x080034dc   Section        0  stm32f10x_gpio.o(i.GPIO_SetBits)
    i.GUI_TOUCH_X_ActivateX                  0x080034e0   Section        0  touch.o(i.GUI_TOUCH_X_ActivateX)
    i.GUI_TOUCH_X_ActivateY                  0x080034e2   Section        0  touch.o(i.GUI_TOUCH_X_ActivateY)
    i.GUI_TOUCH_X_MeasureX                   0x080034e4   Section        0  touch.o(i.GUI_TOUCH_X_MeasureX)
    i.GUI_TOUCH_X_MeasureY                   0x0800354e   Section        0  touch.o(i.GUI_TOUCH_X_MeasureY)
    i.GUI_X_Init                             0x080035b8   Section        0  gui_x.o(i.GUI_X_Init)
    i.GetPoint                               0x080035bc   Section        0  ili9325.o(i.GetPoint)
    i.I2C1_ER_IRQHandler                     0x08003644   Section        0  stm32f10x_it.o(i.I2C1_ER_IRQHandler)
    i.I2C1_EV_IRQHandler                     0x08003646   Section        0  stm32f10x_it.o(i.I2C1_EV_IRQHandler)
    i.I2C2_ER_IRQHandler                     0x08003648   Section        0  stm32f10x_it.o(i.I2C2_ER_IRQHandler)
    i.I2C2_EV_IRQHandler                     0x0800364a   Section        0  stm32f10x_it.o(i.I2C2_EV_IRQHandler)
    i.InterruptConfig                        0x0800364c   Section        0  sysconfig.o(i.InterruptConfig)
    i.LCD_L0_DrawBitmap                      0x080036ae   Section        0  lcdnull.o(i.LCD_L0_DrawBitmap)
    i.LCD_L0_DrawHLine                       0x08003790   Section        0  lcdnull.o(i.LCD_L0_DrawHLine)
    i.LCD_L0_DrawVLine                       0x080037c4   Section        0  lcdnull.o(i.LCD_L0_DrawVLine)
    i.LCD_L0_FillRect                        0x080037f8   Section        0  lcdnull.o(i.LCD_L0_FillRect)
    i.LCD_L0_GetPixelIndex                   0x08003830   Section        0  lcdnull.o(i.LCD_L0_GetPixelIndex)
    i.LCD_L0_Init                            0x08003838   Section        0  lcdnull.o(i.LCD_L0_Init)
    i.LCD_L0_On                              0x0800383c   Section        0  lcdnull.o(i.LCD_L0_On)
    i.LCD_L0_SetLUTEntry                     0x0800383e   Section        0  lcdnull.o(i.LCD_L0_SetLUTEntry)
    i.LCD_L0_SetPixelIndex                   0x08003840   Section        0  lcdnull.o(i.LCD_L0_SetPixelIndex)
    i.LCD_L0_XorPixel                        0x08003848   Section        0  lcdnull.o(i.LCD_L0_XorPixel)
    i.NVIC_Init                              0x0800384c   Section        0  misc.o(i.NVIC_Init)
    i.NVIC_PriorityGroupConfig               0x080038b0   Section        0  misc.o(i.NVIC_PriorityGroupConfig)
    i.NVIC_SetVectorTable                    0x080038c4   Section        0  misc.o(i.NVIC_SetVectorTable)
    i.PVD_IRQHandler                         0x080038d8   Section        0  stm32f10x_it.o(i.PVD_IRQHandler)
    i.RCC_APB1PeriphClockCmd                 0x080038dc   Section        0  stm32f10x_rcc.o(i.RCC_APB1PeriphClockCmd)
    i.RCC_APB2PeriphClockCmd                 0x080038f4   Section        0  stm32f10x_rcc.o(i.RCC_APB2PeriphClockCmd)
    i.RCC_IRQHandler                         0x0800390c   Section        0  stm32f10x_it.o(i.RCC_IRQHandler)
    i.RD_AD                                  0x08003910   Section        0  touch.o(i.RD_AD)
    RD_AD                                    0x08003911   Thumb Code    88  touch.o(i.RD_AD)
    i.RTCAlarm_IRQHandler                    0x0800396c   Section        0  stm32f10x_it.o(i.RTCAlarm_IRQHandler)
    i.RTC_IRQHandler                         0x08003974   Section        0  stm32f10x_it.o(i.RTC_IRQHandler)
    i.SPI1_IRQHandler                        0x08003976   Section        0  stm32f10x_it.o(i.SPI1_IRQHandler)
    i.SPI2_IRQHandler                        0x08003978   Section        0  stm32f10x_it.o(i.SPI2_IRQHandler)
    i.SetSysClockTo72                        0x0800397c   Section        0  system_stm32f10x.o(i.SetSysClockTo72)
    SetSysClockTo72                          0x0800397d   Thumb Code   160  system_stm32f10x.o(i.SetSysClockTo72)
    i.SysTick_Configuration                  0x08003a24   Section        0  sysconfig.o(i.SysTick_Configuration)
    i.SysTick_Handler                        0x08003a48   Section        0  stm32f10x_it.o(i.SysTick_Handler)
    i.SystemInit                             0x08003a58   Section        0  system_stm32f10x.o(i.SystemInit)
    i.TAMPER_IRQHandler                      0x08003aa8   Section        0  stm32f10x_it.o(i.TAMPER_IRQHandler)
    i.TIM1_BRK_IRQHandler                    0x08003aaa   Section        0  stm32f10x_it.o(i.TIM1_BRK_IRQHandler)
    i.TIM1_CC_IRQHandler                     0x08003aac   Section        0  stm32f10x_it.o(i.TIM1_CC_IRQHandler)
    i.TIM1_TRG_COM_IRQHandler                0x08003aae   Section        0  stm32f10x_it.o(i.TIM1_TRG_COM_IRQHandler)
    i.TIM1_UP_IRQHandler                     0x08003ab0   Section        0  stm32f10x_it.o(i.TIM1_UP_IRQHandler)
    i.TIM2_Config                            0x08003ab2   Section        0  sysconfig.o(i.TIM2_Config)
    i.TIM2_IRQHandler                        0x08003afc   Section        0  stm32f10x_it.o(i.TIM2_IRQHandler)
    i.TIM3_IRQHandler                        0x08003b28   Section        0  stm32f10x_it.o(i.TIM3_IRQHandler)
    i.TIM4_IRQHandler                        0x08003b2a   Section        0  stm32f10x_it.o(i.TIM4_IRQHandler)
    i.TIM_ARRPreloadConfig                   0x08003b2c   Section        0  stm32f10x_tim.o(i.TIM_ARRPreloadConfig)
    i.TIM_ClearITPendingBit                  0x08003b40   Section        0  stm32f10x_tim.o(i.TIM_ClearITPendingBit)
    i.TIM_GetITStatus                        0x08003b46   Section        0  stm32f10x_tim.o(i.TIM_GetITStatus)
    i.TIM_ITConfig                           0x08003b5e   Section        0  stm32f10x_tim.o(i.TIM_ITConfig)
    i.TIM_TimeBaseInit                       0x08003b70   Section        0  stm32f10x_tim.o(i.TIM_TimeBaseInit)
    i.Touch_GPIO_Config                      0x08003c0c   Section        0  touch.o(i.Touch_GPIO_Config)
    i.USART1_IRQHandler                      0x08003c90   Section        0  stm32f10x_it.o(i.USART1_IRQHandler)
    i.USART2_IRQHandler                      0x08003c92   Section        0  stm32f10x_it.o(i.USART2_IRQHandler)
    i.USART3_IRQHandler                      0x08003c94   Section        0  stm32f10x_it.o(i.USART3_IRQHandler)
    i.USBWakeUp_IRQHandler                   0x08003c96   Section        0  stm32f10x_it.o(i.USBWakeUp_IRQHandler)
    i.WR_CMD                                 0x08003c98   Section        0  touch.o(i.WR_CMD)
    WR_CMD                                   0x08003c99   Thumb Code    94  touch.o(i.WR_CMD)
    i.WWDG_IRQHandler                        0x08003cfc   Section        0  stm32f10x_it.o(i.WWDG_IRQHandler)
    i.WriteData                              0x08003d00   Section        0  ili9325.o(i.WriteData)
    WriteData                                0x08003d01   Thumb Code    10  ili9325.o(i.WriteData)
    i.main                                   0x08003d10   Section        0  main.o(i.main)
    .constdata                               0x08003d34   Section      108  guicore.o(.constdata)
    _HL_APIList                              0x08003d34   Data           8  guicore.o(.constdata)
    .constdata                               0x08003da0   Section     2608  f8x16.o(.constdata)
    .constdata                               0x080047d0   Section      448  f8x16.o(.constdata)
    .constdata                               0x08004990   Section        8  f8x16.o(.constdata)
    .constdata                               0x08004998   Section       20  f8x16.o(.constdata)
    .constdata                               0x080049ac   Section       32  f8x16.o(.constdata)
    .constdata                               0x080049cc   Section       16  gui_uc_encodenone.o(.constdata)
    .constdata                               0x080049dc   Section       20  gui_cursorarrowm.o(.constdata)
    .constdata                               0x080049f0   Section       12  gui_cursorarrowm.o(.constdata)
    .constdata                               0x080049fc   Section       12  gui_cursorpal.o(.constdata)
    _aColor                                  0x080049fc   Data          12  gui_cursorpal.o(.constdata)
    .constdata                               0x08004a08   Section       12  gui_cursorpal.o(.constdata)
    .constdata                               0x08004a14   Section       48  lcd_api.o(.constdata)
    .constdata                               0x08004a44   Section       60  gui_cursorarrowmpx.o(.constdata)
    .data                                    0x20000000   Section        4  stm32f10x_it.o(.data)
    .data                                    0x20000004   Section        4  gui_x.o(.data)
    .data                                    0x20000008   Section       12  ov7670_test.o(.data)
    res                                      0x2000000a   Data           1  ov7670_test.o(.data)
    pic_counter                              0x2000000c   Data           2  ov7670_test.o(.data)
    bw                                       0x20000010   Data           4  ov7670_test.o(.data)
    .data                                    0x20000014   Section       16  gui_onkey.o(.data)
    _KeyMsgCnt                               0x20000014   Data           4  gui_onkey.o(.data)
    _Key                                     0x20000018   Data           4  gui_onkey.o(.data)
    _KeyMsg                                  0x2000001c   Data           8  gui_onkey.o(.data)
    .data                                    0x20000024   Section       52  gui_touch_driveranalog.o(.data)
    ReadState                                0x20000024   Data           1  gui_touch_driveranalog.o(.data)
    _xLast                                   0x20000028   Data           4  gui_touch_driveranalog.o(.data)
    _yLast                                   0x2000002c   Data           4  gui_touch_driveranalog.o(.data)
    xPhys                                    0x20000030   Data           4  gui_touch_driveranalog.o(.data)
    yPhys                                    0x20000034   Data           4  gui_touch_driveranalog.o(.data)
    xMin                                     0x20000038   Data           4  gui_touch_driveranalog.o(.data)
    xMax                                     0x2000003c   Data           4  gui_touch_driveranalog.o(.data)
    yMin                                     0x20000040   Data           4  gui_touch_driveranalog.o(.data)
    yMax                                     0x20000044   Data           4  gui_touch_driveranalog.o(.data)
    xyMinMax                                 0x20000048   Data          16  gui_touch_driveranalog.o(.data)
    .data                                    0x20000058   Section        1  guialloc.o(.data)
    IsInitialized                            0x20000058   Data           1  guialloc.o(.data)
    .data                                    0x2000005c   Section        8  guicore.o(.data)
    i                                        0x20000060   Data           4  guicore.o(.data)
    .data                                    0x20000064   Section        4  guicore.o(.data)
    .data                                    0x20000068   Section        4  guicore.o(.data)
    .data                                    0x2000006c   Section        4  guicore.o(.data)
    .data                                    0x20000070   Section        4  guicore.o(.data)
    .data                                    0x20000074   Section        4  guicore.o(.data)
    .data                                    0x20000078   Section       40  wm.o(.data)
    _CursorHidden                            0x20000078   Data           1  wm.o(.data)
    _IsInited                                0x2000007b   Data           1  wm.o(.data)
    NextDrawWin                              0x2000008c   Data           2  wm.o(.data)
    .data                                    0x200000a0   Section        1  wm.o(.data)
    .data                                    0x200000a4   Section        8  gui_touch_storeunstable.o(.data)
    _x                                       0x200000a4   Data           4  gui_touch_storeunstable.o(.data)
    _y                                       0x200000a8   Data           4  gui_touch_storeunstable.o(.data)
    .data                                    0x200000ac   Section       16  wmtouch.o(.data)
    .data                                    0x200000bc   Section       48  guicurs.o(.data)
    _CursorIsVis                             0x200000bc   Data           1  guicurs.o(.data)
    _CursorOn                                0x200000bd   Data           1  guicurs.o(.data)
    _CursorDeActCnt                          0x200000be   Data           1  guicurs.o(.data)
    _hBuffer                                 0x200000c0   Data           2  guicurs.o(.data)
    _pCursor                                 0x200000c4   Data           4  guicurs.o(.data)
    _AllocSize                               0x200000c8   Data           4  guicurs.o(.data)
    _x                                       0x200000cc   Data           4  guicurs.o(.data)
    _y                                       0x200000d0   Data           4  guicurs.o(.data)
    _Rect                                    0x200000d4   Data           8  guicurs.o(.data)
    _ClipRect                                0x200000dc   Data           8  guicurs.o(.data)
    _ColorIndex                              0x200000e4   Data           8  guicurs.o(.data)
    .data                                    0x200000ec   Section        4  lcd_api.o(.data)
    .bss                                     0x200000f0   Section     6112  guialloc.o(.bss)
    aBlock                                   0x200014f0   Data         972  guialloc.o(.bss)
    .bss                                     0x200018d0   Section       80  guicore.o(.bss)
    .bss                                     0x20001920   Section       12  wm.o(.bss)
    .bss                                     0x2000192c   Section       24  wm.o(.bss)
    _ClipContext                             0x2000192c   Data          24  wm.o(.bss)
    .bss                                     0x20001944   Section       12  gui_pid.o(.bss)
    _State                                   0x20001944   Data          12  gui_pid.o(.bss)
    .bss                                     0x20001950   Section       12  gui_touch_storestate.o(.bss)
    _State                                   0x20001950   Data          12  gui_touch_storestate.o(.bss)
    .bss                                     0x2000195c   Section      512  lcdcolor.o(.bss)
    .bss                                     0x20001b5c   Section       12  gui_touch.o(.bss)
    _State                                   0x20001b5c   Data          12  gui_touch.o(.bss)
    .bss                                     0x20001b68   Section       96  libspace.o(.bss)
    HEAP                                     0x20001bc8   Section        0  startup_stm32f10x_md.o(HEAP)
    STACK                                    0x20001bc8   Section     2048  startup_stm32f10x_md.o(STACK)
    Heap_Mem                                 0x20001bc8   Data           0  startup_stm32f10x_md.o(HEAP)
    Stack_Mem                                0x20001bc8   Data        2048  startup_stm32f10x_md.o(STACK)
    __initial_sp                             0x200023c8   Data           0  startup_stm32f10x_md.o(STACK)

    Global Symbols

    Symbol Name                              Value     Ov Type        Size  Object(Section)

    BuildAttributes$$THM_ISAv4$P$D$K$B$S$PE$A:L22UL41UL21$X:L11$S22US41US21$IEEE1$IW$USESV6$~STKCKD$USESV7$~SHL$OTIME$ROPI$IEEEJ$EBA8$UX$STANDARDLIB$REQ8$PRES8$EABIv2 0x00000000   Number         0  anon$$obj.o ABSOLUTE
    __ARM_use_no_argv                        0x00000000   Number         0  main.o ABSOLUTE
    _printf_flags                            0x00000000   Number         0  printf_stubs.o ABSOLUTE
    _printf_return_value                     0x00000000   Number         0  printf_stubs.o ABSOLUTE
    _printf_sizespec                         0x00000000   Number         0  printf_stubs.o ABSOLUTE
    _printf_widthprec                        0x00000000   Number         0  printf_stubs.o ABSOLUTE
    __ARM_exceptions_init                     - Undefined Weak Reference
    __alloca_initialize                       - Undefined Weak Reference
    __arm_preinit_                            - Undefined Weak Reference
    __cpp_initialize__aeabi_                  - Undefined Weak Reference
    __cxa_finalize                            - Undefined Weak Reference
    __sigvec_lookup                           - Undefined Weak Reference
    __user_heap_extent                        - Undefined Weak Reference
    _atexit_init                              - Undefined Weak Reference
    _call_atexit_fns                          - Undefined Weak Reference
    _clock_init                               - Undefined Weak Reference
    _fp_trap_init                             - Undefined Weak Reference
    _fp_trap_shutdown                         - Undefined Weak Reference
    _get_lc_collate                           - Undefined Weak Reference
    _get_lc_monetary                          - Undefined Weak Reference
    _get_lc_numeric                           - Undefined Weak Reference
    _get_lc_time                              - Undefined Weak Reference
    _getenv_init                              - Undefined Weak Reference
    _handle_redirection                       - Undefined Weak Reference
    _mutex_acquire                            - Undefined Weak Reference
    _mutex_free                               - Undefined Weak Reference
    _mutex_release                            - Undefined Weak Reference
    _printf_mbtowc                            - Undefined Weak Reference
    _printf_wc                                - Undefined Weak Reference
    _rand_init                                - Undefined Weak Reference
    _signal_finish                            - Undefined Weak Reference
    _signal_init                              - Undefined Weak Reference
    __Vectors_Size                           0x000000ec   Number         0  startup_stm32f10x_md.o ABSOLUTE
    __Vectors                                0x08000000   Data           4  startup_stm32f10x_md.o(RESET)
    __Vectors_End                            0x080000ec   Data           0  startup_stm32f10x_md.o(RESET)
    __main                                   0x080000ed   Thumb Code     8  __main.o(!!!main)
    __scatterload                            0x080000f5   Thumb Code     0  __scatter.o(!!!scatter)
    __scatterload_rt2                        0x080000f5   Thumb Code    44  __scatter.o(!!!scatter)
    __scatterload_rt2_thumb_only             0x080000f5   Thumb Code     0  __scatter.o(!!!scatter)
    __scatterload_null                       0x08000103   Thumb Code     0  __scatter.o(!!!scatter)
    __scatterload_copy                       0x08000129   Thumb Code    26  __scatter_copy.o(!!handler_copy)
    __scatterload_zeroinit                   0x08000145   Thumb Code    28  __scatter_zi.o(!!handler_zi)
    __rt_lib_init                            0x08000161   Thumb Code     0  libinit.o(.ARM.Collect$$libinit$$00000000)
    __rt_lib_init_alloca_1                   0x08000163   Thumb Code     0  libinit2.o(.ARM.Collect$$libinit$$0000002E)
    __rt_lib_init_argv_1                     0x08000163   Thumb Code     0  libinit2.o(.ARM.Collect$$libinit$$0000002C)
    __rt_lib_init_atexit_1                   0x08000163   Thumb Code     0  libinit2.o(.ARM.Collect$$libinit$$0000001B)
    __rt_lib_init_clock_1                    0x08000163   Thumb Code     0  libinit2.o(.ARM.Collect$$libinit$$00000021)
    __rt_lib_init_cpp_1                      0x08000163   Thumb Code     0  libinit2.o(.ARM.Collect$$libinit$$00000032)
    __rt_lib_init_exceptions_1               0x08000163   Thumb Code     0  libinit2.o(.ARM.Collect$$libinit$$00000030)
    __rt_lib_init_fp_1                       0x08000163   Thumb Code     0  libinit2.o(.ARM.Collect$$libinit$$00000002)
    __rt_lib_init_fp_trap_1                  0x08000163   Thumb Code     0  libinit2.o(.ARM.Collect$$libinit$$0000001F)
    __rt_lib_init_getenv_1                   0x08000163   Thumb Code     0  libinit2.o(.ARM.Collect$$libinit$$00000023)
    __rt_lib_init_heap_1                     0x08000163   Thumb Code     0  libinit2.o(.ARM.Collect$$libinit$$0000000A)
    __rt_lib_init_lc_collate_1               0x08000163   Thumb Code     0  libinit2.o(.ARM.Collect$$libinit$$00000011)
    __rt_lib_init_lc_ctype_1                 0x08000163   Thumb Code     0  libinit2.o(.ARM.Collect$$libinit$$00000013)
    __rt_lib_init_lc_monetary_1              0x08000163   Thumb Code     0  libinit2.o(.ARM.Collect$$libinit$$00000015)
    __rt_lib_init_lc_numeric_1               0x08000163   Thumb Code     0  libinit2.o(.ARM.Collect$$libinit$$00000017)
    __rt_lib_init_lc_time_1                  0x08000163   Thumb Code     0  libinit2.o(.ARM.Collect$$libinit$$00000019)
    __rt_lib_init_preinit_1                  0x08000163   Thumb Code     0  libinit2.o(.ARM.Collect$$libinit$$00000004)
    __rt_lib_init_rand_1                     0x08000163   Thumb Code     0  libinit2.o(.ARM.Collect$$libinit$$0000000E)
    __rt_lib_init_return                     0x08000163   Thumb Code     0  libinit2.o(.ARM.Collect$$libinit$$00000033)
    __rt_lib_init_signal_1                   0x08000163   Thumb Code     0  libinit2.o(.ARM.Collect$$libinit$$0000001D)
    __rt_lib_init_stdio_1                    0x08000163   Thumb Code     0  libinit2.o(.ARM.Collect$$libinit$$00000025)
    __rt_lib_init_user_alloc_1               0x08000163   Thumb Code     0  libinit2.o(.ARM.Collect$$libinit$$0000000C)
    __rt_lib_shutdown                        0x08000165   Thumb Code     0  libshutdown.o(.ARM.Collect$$libshutdown$$00000000)
    __rt_lib_shutdown_fp_trap_1              0x08000167   Thumb Code     0  libshutdown2.o(.ARM.Collect$$libshutdown$$00000006)
    __rt_lib_shutdown_heap_1                 0x08000167   Thumb Code     0  libshutdown2.o(.ARM.Collect$$libshutdown$$0000000E)
    __rt_lib_shutdown_return                 0x08000167   Thumb Code     0  libshutdown2.o(.ARM.Collect$$libshutdown$$0000000F)
    __rt_lib_shutdown_signal_1               0x08000167   Thumb Code     0  libshutdown2.o(.ARM.Collect$$libshutdown$$00000009)
    __rt_lib_shutdown_stdio_1                0x08000167   Thumb Code     0  libshutdown2.o(.ARM.Collect$$libshutdown$$00000003)
    __rt_lib_shutdown_user_alloc_1           0x08000167   Thumb Code     0  libshutdown2.o(.ARM.Collect$$libshutdown$$0000000B)
    __rt_entry                               0x08000169   Thumb Code     0  __rtentry.o(.ARM.Collect$$rtentry$$00000000)
    __rt_entry_presh_1                       0x08000169   Thumb Code     0  __rtentry2.o(.ARM.Collect$$rtentry$$00000002)
    __rt_entry_sh                            0x08000169   Thumb Code     0  __rtentry4.o(.ARM.Collect$$rtentry$$00000004)
    __rt_entry_li                            0x0800016f   Thumb Code     0  __rtentry2.o(.ARM.Collect$$rtentry$$0000000A)
    __rt_entry_postsh_1                      0x0800016f   Thumb Code     0  __rtentry2.o(.ARM.Collect$$rtentry$$00000009)
    __rt_entry_main                          0x08000173   Thumb Code     0  __rtentry2.o(.ARM.Collect$$rtentry$$0000000D)
    __rt_entry_postli_1                      0x08000173   Thumb Code     0  __rtentry2.o(.ARM.Collect$$rtentry$$0000000C)
    __rt_exit                                0x0800017b   Thumb Code     0  rtexit.o(.ARM.Collect$$rtexit$$00000000)
    __rt_exit_ls                             0x0800017d   Thumb Code     0  rtexit2.o(.ARM.Collect$$rtexit$$00000003)
    __rt_exit_prels_1                        0x0800017d   Thumb Code     0  rtexit2.o(.ARM.Collect$$rtexit$$00000002)
    __rt_exit_exit                           0x08000181   Thumb Code     0  rtexit2.o(.ARM.Collect$$rtexit$$00000004)
    Reset_Handler                            0x08000189   Thumb Code     4  startup_stm32f10x_md.o(.text)
    NMI_Handler                              0x0800018d   Thumb Code     2  startup_stm32f10x_md.o(.text)
    HardFault_Handler                        0x0800018f   Thumb Code     2  startup_stm32f10x_md.o(.text)
    MemManage_Handler                        0x08000191   Thumb Code     2  startup_stm32f10x_md.o(.text)
    BusFault_Handler                         0x08000193   Thumb Code     2  startup_stm32f10x_md.o(.text)
    UsageFault_Handler                       0x08000195   Thumb Code     2  startup_stm32f10x_md.o(.text)
    SVC_Handler                              0x08000197   Thumb Code     2  startup_stm32f10x_md.o(.text)
    DebugMon_Handler                         0x08000199   Thumb Code     2  startup_stm32f10x_md.o(.text)
    PendSV_Handler                           0x0800019b   Thumb Code     2  startup_stm32f10x_md.o(.text)
    ADC1_2_IRQHandler                        0x0800019f   Thumb Code     0  startup_stm32f10x_md.o(.text)
    CAN1_RX1_IRQHandler                      0x0800019f   Thumb Code     0  startup_stm32f10x_md.o(.text)
    CAN1_SCE_IRQHandler                      0x0800019f   Thumb Code     0  startup_stm32f10x_md.o(.text)
    DMA1_Channel1_IRQHandler                 0x0800019f   Thumb Code     0  startup_stm32f10x_md.o(.text)
    DMA1_Channel2_IRQHandler                 0x0800019f   Thumb Code     0  startup_stm32f10x_md.o(.text)
    DMA1_Channel3_IRQHandler                 0x0800019f   Thumb Code     0  startup_stm32f10x_md.o(.text)
    DMA1_Channel4_IRQHandler                 0x0800019f   Thumb Code     0  startup_stm32f10x_md.o(.text)
    DMA1_Channel5_IRQHandler                 0x0800019f   Thumb Code     0  startup_stm32f10x_md.o(.text)
    DMA1_Channel6_IRQHandler                 0x0800019f   Thumb Code     0  startup_stm32f10x_md.o(.text)
    DMA1_Channel7_IRQHandler                 0x0800019f   Thumb Code     0  startup_stm32f10x_md.o(.text)
    USB_HP_CAN1_TX_IRQHandler                0x0800019f   Thumb Code     0  startup_stm32f10x_md.o(.text)
    USB_LP_CAN1_RX0_IRQHandler               0x0800019f   Thumb Code     0  startup_stm32f10x_md.o(.text)
    __user_initial_stackheap                 0x080001a1   Thumb Code     0  startup_stm32f10x_md.o(.text)
    GUI_GotoY                                0x080001bd   Thumb Code     4  gui_goto.o(.text)
    GUI_GotoX                                0x080001c1   Thumb Code     4  gui_goto.o(.text)
    GUI_GotoXY                               0x080001c5   Thumb Code    20  gui_goto.o(.text)
    GUI_GetKey                               0x080001ed   Thumb Code    10  gui_onkey.o(.text)
    GUI_StoreKey                             0x080001f7   Thumb Code    12  gui_onkey.o(.text)
    GUI_ClearKeyBuffer                       0x08000203   Thumb Code    12  gui_onkey.o(.text)
    GUI_StoreKeyMsg                          0x0800020f   Thumb Code    16  gui_onkey.o(.text)
    GUI_PollKeyMsg                           0x0800021f   Thumb Code    46  gui_onkey.o(.text)
    GUI_SendKeyMsg                           0x0800024d   Thumb Code    26  gui_onkey.o(.text)
    GUI_GetPenSize                           0x0800026d   Thumb Code     6  gui_pen.o(.text)
    GUI_GetPenShape                          0x08000273   Thumb Code     6  gui_pen.o(.text)
    GUI_SetPenSize                           0x08000279   Thumb Code    10  gui_pen.o(.text)
    GUI_SetPenShape                          0x08000283   Thumb Code    10  gui_pen.o(.text)
    GUI_SetBkColor                           0x08000291   Thumb Code     4  gui_setcolor.o(.text)
    GUI_SetColor                             0x08000295   Thumb Code     4  gui_setcolor.o(.text)
    GUI_SetFont                              0x08000299   Thumb Code    12  gui_setfont.o(.text)
    GUI_TOUCH_GetxPhys                       0x080002d5   Thumb Code     6  gui_touch_driveranalog.o(.text)
    GUI_TOUCH_GetyPhys                       0x080002db   Thumb Code     6  gui_touch_driveranalog.o(.text)
    GUI_TOUCH_SetDefaultCalibration          0x080002e1   Thumb Code    28  gui_touch_driveranalog.o(.text)
    GUI_TOUCH_Calibrate                      0x080002fd   Thumb Code   104  gui_touch_driveranalog.o(.text)
    GUI_TOUCH_GetCalData                     0x08000365   Thumb Code    22  gui_touch_driveranalog.o(.text)
    GUI_TOUCH_Exec                           0x0800037b   Thumb Code   160  gui_touch_driveranalog.o(.text)
    GUI_ALLOC_Init                           0x080004af   Thumb Code    40  guialloc.o(.text)
    GUI_ALLOC_AllocNoInit                    0x080005a9   Thumb Code     8  guialloc.o(.text)
    GUI_ALLOC_h2p                            0x080005b1   Thumb Code    20  guialloc.o(.text)
    GUI_ALLOC_GetNumFreeBytes                0x080005c5   Thumb Code    14  guialloc.o(.text)
    GUI_ALLOC_GetMaxSize                     0x080005d3   Thumb Code    90  guialloc.o(.text)
    GUI_ALLOC_GetSize                        0x0800062d   Thumb Code    20  guialloc.o(.text)
    GUI_ALLOC_Free                           0x08000641   Thumb Code    10  guialloc.o(.text)
    GUI_ALLOC_FreePtr                        0x0800064b   Thumb Code    18  guialloc.o(.text)
    GUI_GetFontDistY                         0x0800071d   Thumb Code     8  guichar.o(.text)
    GUI_DispNextLine                         0x08000725   Thumb Code    20  guichar.o(.text)
    GL_DispChar                              0x08000739   Thumb Code    46  guichar.o(.text)
    GUI_GetYAdjust                           0x08000767   Thumb Code    38  guichar.o(.text)
    GUI_GetCharDistX                         0x0800078d   Thumb Code     8  guichar.o(.text)
    GUI_ClearRect                            0x0800079d   Thumb Code    88  guicore.o(.text)
    GUI_Clear                                0x080007f5   Thumb Code    26  guicore.o(.text)
    GUI_Init                                 0x0800080f   Thumb Code   120  guicore.o(.text)
    WM__RectIsNZ                             0x0800089d   Thumb Code    32  wm.o(.text)
    WM__Client2Screen                        0x08000921   Thumb Code    16  wm.o(.text)
    WM__ClipAtParentBorders                  0x08000975   Thumb Code    62  wm.o(.text)
    WM__ActivateClipRect                     0x080009b3   Thumb Code    54  wm.o(.text)
    WM__InsertWindowIntoList                 0x080009e9   Thumb Code   118  wm.o(.text)
    WM__RemoveWindowFromList                 0x08000a5f   Thumb Code    68  wm.o(.text)
    WM_InvalidateArea                        0x08000aa3   Thumb Code    36  wm.o(.text)
    WM__DetachWindow                         0x08000ac7   Thumb Code    34  wm.o(.text)
    WM_SelectWindow                          0x08000ae9   Thumb Code    44  wm.o(.text)
    WM__RemoveFromLinList                    0x08000b15   Thumb Code    46  wm.o(.text)
    WM_SendMessage                           0x08000b43   Thumb Code    32  wm.o(.text)
    WM__SendMsgNoData                        0x08000b63   Thumb Code    16  wm.o(.text)
    WM__IsWindow                             0x08000b73   Thumb Code    34  wm.o(.text)
    WM_DeleteWindow                          0x08000b95   Thumb Code   154  wm.o(.text)
    WM__InvalidateAreaBelow                  0x08000c4d   Thumb Code     2  wm.o(.text)
    WM__GetClientRectWin                     0x08000ddd   Thumb Code    24  wm.o(.text)
    WM_InvalidateRect                        0x08000df5   Thumb Code    90  wm.o(.text)
    WM_InvalidateWindow                      0x08000e4f   Thumb Code     4  wm.o(.text)
    WM_CreateWindowAsChild                   0x08000e53   Thumb Code   286  wm.o(.text)
    WM_CreateWindow                          0x08000f71   Thumb Code    28  wm.o(.text)
    WM_GetActiveWindow                       0x08000f8d   Thumb Code     8  wm.o(.text)
    WM__GetNextIVR                           0x080010cb   Thumb Code    78  wm.o(.text)
    WM__InitIVRSearch                        0x08001119   Thumb Code   184  wm.o(.text)
    WM_SetDefault                            0x080011d1   Thumb Code    14  wm.o(.text)
    WM__PaintWinAndOverlays                  0x0800130d   Thumb Code   110  wm.o(.text)
    WM_Exec1                                 0x0800137b   Thumb Code    48  wm.o(.text)
    WM_Exec                                  0x080013ab   Thumb Code    20  wm.o(.text)
    WM_DefaultProc                           0x080013bf   Thumb Code    90  wm.o(.text)
    WM_Activate                              0x0800145b   Thumb Code     8  wm.o(.text)
    WM_Deactivate                            0x08001463   Thumb Code    10  wm.o(.text)
    WM_Init                                  0x0800146d   Thumb Code    92  wm.o(.text)
    WM_GetDesktopWindow                      0x0800156d   Thumb Code     8  wm_getdesktopwindow.o(.text)
    WM_GetParent                             0x08001579   Thumb Code    16  wm_getparent.o(.text)
    GUI__IntersectRect                       0x08001589   Thumb Code    58  gui__intersectrect.o(.text)
    GUI__IntersectRects                      0x080015c3   Thumb Code    82  gui__intersectrects.o(.text)
    GUI_ALLOC_AllocZero                      0x08001615   Thumb Code    28  gui_alloc_alloczero.o(.text)
    GUI_DispString                           0x08001631   Thumb Code   232  gui_dispstring.o(.text)
    GUI_MergeRect                            0x0800171d   Thumb Code    88  gui_mergerect.o(.text)
    GUI_MoveRect                             0x08001775   Thumb Code    30  gui_moverect.o(.text)
    GUI_RectsIntersect                       0x08001793   Thumb Code    56  gui_rectsintersect.o(.text)
    GUI_SaveContext_W                        0x080017cd   Thumb Code     8  gui_savecontext.o(.text)
    GUI_RestoreContext                       0x080017d5   Thumb Code    10  gui_savecontext.o(.text)
    GL_SetDefault                            0x080017e5   Thumb Code    56  gui_setdefault.o(.text)
    GUI_SetDefault                           0x0800181d   Thumb Code     2  gui_setdefault.o(.text)
    GUI_SetTextAlign                         0x08001825   Thumb Code    12  gui_settextalign.o(.text)
    GUI_SetTextMode                          0x08001835   Thumb Code    12  gui_settextmode.o(.text)
    GUI_TOUCH_StoreUnstable                  0x08001845   Thumb Code    42  gui_touch_storeunstable.o(.text)
    GUI_TOUCH_GetUnstable                    0x0800186f   Thumb Code    12  gui_touch_storeunstable.o(.text)
    GUI_UC_GetCharSize                       0x08001881   Thumb Code     8  gui_uc.o(.text)
    GUI_UC_GetCharCode                       0x08001889   Thumb Code     8  gui_uc.o(.text)
    GUI_UC_Encode                            0x08001891   Thumb Code     8  gui_uc.o(.text)
    GUI_UC__CalcSizeOfChar                   0x08001899   Thumb Code     8  gui_uc.o(.text)
    GUI_UC__GetCharCodeInc                   0x080018a1   Thumb Code    38  gui_uc.o(.text)
    GUI_UC__NumChars2NumBytes                0x080018c7   Thumb Code    34  gui_uc.o(.text)
    GUI_UC__NumBytes2NumChars                0x080018e9   Thumb Code    40  gui_uc.o(.text)
    GUI_UC_SetEncodeNone                     0x08001927   Thumb Code     8  gui_uc_encodenone.o(.text)
    GUI__GetLineNumChars                     0x0800197f   Thumb Code    48  guicharline.o(.text)
    GUI__GetLineDistX                        0x080019af   Thumb Code    46  guicharline.o(.text)
    GUI__DispLine                            0x080019dd   Thumb Code   150  guicharline.o(.text)
    GUIMONO_DispChar                         0x08001a81   Thumb Code   296  guicharm.o(.text)
    GUIMONO_GetCharDistX                     0x08001ba9   Thumb Code    10  guicharm.o(.text)
    GUIMONO_GetFontInfo                      0x08001bb3   Thumb Code     6  guicharm.o(.text)
    GUIMONO_IsInFont                         0x08001bb9   Thumb Code    38  guicharm.o(.text)
    LCD_SetColorIndex                        0x08001be5   Thumb Code    18  lcd.o(.text)
    LCD_SetBkColorIndex                      0x08001bf7   Thumb Code    18  lcd.o(.text)
    LCD_SetDrawMode                          0x08001c09   Thumb Code    28  lcd.o(.text)
    LCD_DrawPixel                            0x08001c25   Thumb Code    52  lcd.o(.text)
    LCD_DrawHLine                            0x08001c59   Thumb Code    54  lcd.o(.text)
    LCD_FillRect                             0x08001c8f   Thumb Code    60  lcd.o(.text)
    LCD_DrawBitmap                           0x08001ccb   Thumb Code   476  lcd.o(.text)
    LCD_SetClipRectMax                       0x08001ea7   Thumb Code     8  lcd.o(.text)
    LCD_Init                                 0x08001eaf   Thumb Code    50  lcd.o(.text)
    LCD_Color2Index                          0x08001ee1   Thumb Code     4  lcd.o(.text)
    LCD_Index2Color                          0x08001ee5   Thumb Code     4  lcd.o(.text)
    LCD_SetBkColor                           0x08001ee9   Thumb Code    24  lcd.o(.text)
    LCD_SetColor                             0x08001f01   Thumb Code    24  lcd.o(.text)
    LCD_L0_Color2Index                       0x08001f2d   Thumb Code     4  lcd_l0_generic.o(.text)
    LCD_L0_Index2Color                       0x08001f31   Thumb Code     4  lcd_l0_generic.o(.text)
    LCD_L0_GetIndexMask                      0x08001f35   Thumb Code     4  lcd_l0_generic.o(.text)
    LCD_L0_GetRect                           0x08001f39   Thumb Code    18  lcd_l0_generic.o(.text)
    LCD_SetClipRectEx                        0x08001f4d   Thumb Code    22  lcd_setcliprectex.o(.text)
    WM__IsAncestor                           0x08001f69   Thumb Code    34  wm__isancestor.o(.text)
    WM__IsAncestorOrSelf                     0x08001f8b   Thumb Code    10  wm__isancestor.o(.text)
    WM__IsEnabled                            0x08001f95   Thumb Code    20  wm__isenabled.o(.text)
    WM_BringToBottom                         0x08001fa9   Thumb Code    66  wm_bringtobottom.o(.text)
    WM__AddCriticalHandle                    0x08001fed   Thumb Code    10  wm_criticalhandle.o(.text)
    WM__RemoveCriticalHandle                 0x08001ff7   Thumb Code    38  wm_criticalhandle.o(.text)
    WM_IsWindow                              0x08002021   Thumb Code     4  wm_iswindow.o(.text)
    WM_NotifyParent                          0x08002025   Thumb Code    16  wm_notifyparent.o(.text)
    WM_OnKey                                 0x08002035   Thumb Code    44  wm_onkey.o(.text)
    WM__IsInWindow                           0x08002065   Thumb Code    46  wm_screen2win.o(.text)
    WM_Screen2hWin                           0x080020df   Thumb Code    14  wm_screen2win.o(.text)
    WM_Screen2hWinEx                         0x080020ed   Thumb Code    14  wm_screen2win.o(.text)
    WM_SendToParent                          0x08002101   Thumb Code    30  wm_sendtoparent.o(.text)
    WM_SetCapture                            0x08002121   Thumb Code    28  wm_setcapture.o(.text)
    WM_ReleaseCapture                        0x0800213d   Thumb Code     4  wm_setcapture.o(.text)
    WM__IsInModalArea                        0x08002165   Thumb Code    38  wmtouch.o(.text)
    WM__SendPIDMessage                       0x0800218b   Thumb Code    60  wmtouch.o(.text)
    WM__SendTouchMessage                     0x080021c7   Thumb Code    44  wmtouch.o(.text)
    WM_HandlePID                             0x080021f3   Thumb Code   314  wmtouch.o(.text)
    LCD_Color2Index_M565                     0x0800233d   Thumb Code    22  lcdpm565.o(.text)
    LCD_GetIndexMask_M565                    0x08002353   Thumb Code     6  lcdpm565.o(.text)
    GUI__memset                              0x08002359   Thumb Code    74  gui__memset.o(.text)
    GUI_PID_GetState                         0x080023a5   Thumb Code    24  gui_pid.o(.text)
    GUI_PID_StoreState                       0x080023bd   Thumb Code    32  gui_pid.o(.text)
    GUI_SetDrawMode                          0x080023e9   Thumb Code     4  gui_setdrawmode.o(.text)
    GUI_SetLineStyle                         0x080023ed   Thumb Code    10  gui_setlinestyle.o(.text)
    GUI_TOUCH_StoreState                     0x080023fd   Thumb Code    30  gui_touch_storestate.o(.text)
    GUI_CURSOR_Activate                      0x080024db   Thumb Code    22  guicurs.o(.text)
    GUI_CURSOR_Deactivate                    0x080024f1   Thumb Code    20  guicurs.o(.text)
    GUI_CURSOR_Select                        0x08002505   Thumb Code   118  guicurs.o(.text)
    GUI_CURSOR_Hide                          0x0800257b   Thumb Code    24  guicurs.o(.text)
    GUI_CURSOR_Show                          0x08002593   Thumb Code    52  guicurs.o(.text)
    GUI_CURSOR_SetPosition                   0x080025c7   Thumb Code   496  guicurs.o(.text)
    LCD_GetpPalConvTableUncached             0x08002925   Thumb Code    54  lcdcolor.o(.text)
    LCD_GetpPalConvTable                     0x0800295b   Thumb Code     2  lcdcolor.o(.text)
    LCD_InitLUT                              0x0800295d   Thumb Code     2  lcdcolor.o(.text)
    LCD_Index2Color_M565                     0x08002965   Thumb Code    52  lcdpm565_index2color.o(.text)
    WM__GetPrevSibling                       0x08002999   Thumb Code    38  wm__getprevsibling.o(.text)
    WM__SendMessage                          0x080029bf   Thumb Code    32  wm__sendmessage.o(.text)
    WM__SendMessageIfEnabled                 0x080029df   Thumb Code    28  wm__sendmessageifenabled.o(.text)
    GUI_GetBitmapPixelIndex                  0x080029fb   Thumb Code   142  gui_getbitmappixelindex.o(.text)
    GUI_TOUCH_GetState                       0x08002a89   Thumb Code    20  gui_touch.o(.text)
    GUI_TOUCH_StoreStateEx                   0x08002a9d   Thumb Code    36  gui_touch.o(.text)
    WM__GetFirstSibling                      0x08002ac5   Thumb Code    20  wm__getfirstsibling.o(.text)
    memcmp                                   0x08002ad9   Thumb Code    88  memcmp.o(.text)
    __aeabi_memcpy                           0x08002b31   Thumb Code     0  rt_memcpy_v6.o(.text)
    __rt_memcpy                              0x08002b31   Thumb Code   138  rt_memcpy_v6.o(.text)
    _memcpy_lastbytes                        0x08002b97   Thumb Code     0  rt_memcpy_v6.o(.text)
    __aeabi_memmove                          0x08002bbb   Thumb Code     0  rt_memmove_v6.o(.text)
    __rt_memmove                             0x08002bbb   Thumb Code   132  rt_memmove_v6.o(.text)
    __memmove_lastfew                        0x08002c1b   Thumb Code     0  rt_memmove_v6.o(.text)
    __aeabi_memcpy4                          0x08002c3f   Thumb Code     0  rt_memcpy_w.o(.text)
    __aeabi_memcpy8                          0x08002c3f   Thumb Code     0  rt_memcpy_w.o(.text)
    __rt_memcpy_w                            0x08002c3f   Thumb Code   100  rt_memcpy_w.o(.text)
    _memcpy_lastbytes_aligned                0x08002c87   Thumb Code     0  rt_memcpy_w.o(.text)
    __use_two_region_memory                  0x08002ca3   Thumb Code     2  heapauxi.o(.text)
    __rt_heap_escrow                         0x08002ca5   Thumb Code     2  heapauxi.o(.text)
    __rt_heap_expand                         0x08002ca7   Thumb Code     2  heapauxi.o(.text)
    __aeabi_memmove4                         0x08002ca9   Thumb Code     0  rt_memmove_w.o(.text)
    __aeabi_memmove8                         0x08002ca9   Thumb Code     0  rt_memmove_w.o(.text)
    __rt_memmove_w                           0x08002ca9   Thumb Code   122  rt_memmove_w.o(.text)
    __memmove_aligned                        0x08002ccf   Thumb Code     0  rt_memmove_w.o(.text)
    __memmove_lastfew_aligned                0x08002d07   Thumb Code     0  rt_memmove_w.o(.text)
    __user_setup_stackheap                   0x08002d23   Thumb Code    74  sys_stackheap_outer.o(.text)
    exit                                     0x08002d6d   Thumb Code    12  exit.o(.text)
    __user_libspace                          0x08002d79   Thumb Code     8  libspace.o(.text)
    __user_perproc_libspace                  0x08002d79   Thumb Code     0  libspace.o(.text)
    __user_perthread_libspace                0x08002d79   Thumb Code     0  libspace.o(.text)
    __I$use$semihosting                      0x08002d81   Thumb Code     0  use_no_semi.o(.text)
    __use_no_semihosting_swi                 0x08002d81   Thumb Code     2  use_no_semi.o(.text)
    __semihosting_library_function           0x08002d83   Thumb Code     0  indicate_semi.o(.text)
    _sys_exit                                0x08002d85   Thumb Code     8  sys_exit.o(.text)
    BlockWrite                               0x08002d91   Thumb Code    54  ili9325.o(i.BlockWrite)
    DrawBitLine16BPP                         0x08002dcd   Thumb Code    70  lcdnull.o(i.DrawBitLine16BPP)
    DrawBitLine1BPP                          0x08002e19   Thumb Code   498  lcdnull.o(i.DrawBitLine1BPP)
    DrawBitLine8BPP                          0x08003311   Thumb Code   136  lcdnull.o(i.DrawBitLine8BPP)
    DrawPixel                                0x0800339d   Thumb Code    24  ili9325.o(i.DrawPixel)
    EXTI0_IRQHandler                         0x080033b9   Thumb Code     2  stm32f10x_it.o(i.EXTI0_IRQHandler)
    EXTI15_10_IRQHandler                     0x080033bd   Thumb Code    42  stm32f10x_it.o(i.EXTI15_10_IRQHandler)
    EXTI1_IRQHandler                         0x080033f1   Thumb Code     6  stm32f10x_it.o(i.EXTI1_IRQHandler)
    EXTI2_IRQHandler                         0x080033f7   Thumb Code     2  stm32f10x_it.o(i.EXTI2_IRQHandler)
    EXTI3_IRQHandler                         0x080033f9   Thumb Code     2  stm32f10x_it.o(i.EXTI3_IRQHandler)
    EXTI4_IRQHandler                         0x080033fb   Thumb Code     2  stm32f10x_it.o(i.EXTI4_IRQHandler)
    EXTI9_5_IRQHandler                       0x080033fd   Thumb Code     2  stm32f10x_it.o(i.EXTI9_5_IRQHandler)
    EXTI_ClearITPendingBit                   0x08003401   Thumb Code     6  stm32f10x_exti.o(i.EXTI_ClearITPendingBit)
    EXTI_GetITStatus                         0x0800340d   Thumb Code    28  stm32f10x_exti.o(i.EXTI_GetITStatus)
    FLASH_IRQHandler                         0x0800342d   Thumb Code     2  stm32f10x_it.o(i.FLASH_IRQHandler)
    GPIO_Init                                0x0800342f   Thumb Code   156  stm32f10x_gpio.o(i.GPIO_Init)
    GPIO_ReadInputDataBit                    0x080034cb   Thumb Code    14  stm32f10x_gpio.o(i.GPIO_ReadInputDataBit)
    GPIO_ResetBits                           0x080034d9   Thumb Code     4  stm32f10x_gpio.o(i.GPIO_ResetBits)
    GPIO_SetBits                             0x080034dd   Thumb Code     4  stm32f10x_gpio.o(i.GPIO_SetBits)
    GUI_TOUCH_X_ActivateX                    0x080034e1   Thumb Code     2  touch.o(i.GUI_TOUCH_X_ActivateX)
    GUI_TOUCH_X_ActivateY                    0x080034e3   Thumb Code     2  touch.o(i.GUI_TOUCH_X_ActivateY)
    GUI_TOUCH_X_MeasureX                     0x080034e5   Thumb Code   106  touch.o(i.GUI_TOUCH_X_MeasureX)
    GUI_TOUCH_X_MeasureY                     0x0800354f   Thumb Code   106  touch.o(i.GUI_TOUCH_X_MeasureY)
    GUI_X_Init                               0x080035b9   Thumb Code     2  gui_x.o(i.GUI_X_Init)
    GetPoint                                 0x080035bd   Thumb Code   132  ili9325.o(i.GetPoint)
    I2C1_ER_IRQHandler                       0x08003645   Thumb Code     2  stm32f10x_it.o(i.I2C1_ER_IRQHandler)
    I2C1_EV_IRQHandler                       0x08003647   Thumb Code     2  stm32f10x_it.o(i.I2C1_EV_IRQHandler)
    I2C2_ER_IRQHandler                       0x08003649   Thumb Code     2  stm32f10x_it.o(i.I2C2_ER_IRQHandler)
    I2C2_EV_IRQHandler                       0x0800364b   Thumb Code     2  stm32f10x_it.o(i.I2C2_EV_IRQHandler)
    InterruptConfig                          0x0800364d   Thumb Code    98  sysconfig.o(i.InterruptConfig)
    LCD_L0_DrawBitmap                        0x080036af   Thumb Code   226  lcdnull.o(i.LCD_L0_DrawBitmap)
    LCD_L0_DrawHLine                         0x08003791   Thumb Code    42  lcdnull.o(i.LCD_L0_DrawHLine)
    LCD_L0_DrawVLine                         0x080037c5   Thumb Code    42  lcdnull.o(i.LCD_L0_DrawVLine)
    LCD_L0_FillRect                          0x080037f9   Thumb Code    46  lcdnull.o(i.LCD_L0_FillRect)
    LCD_L0_GetPixelIndex                     0x08003831   Thumb Code     8  lcdnull.o(i.LCD_L0_GetPixelIndex)
    LCD_L0_Init                              0x08003839   Thumb Code     4  lcdnull.o(i.LCD_L0_Init)
    LCD_L0_On                                0x0800383d   Thumb Code     2  lcdnull.o(i.LCD_L0_On)
    LCD_L0_SetLUTEntry                       0x0800383f   Thumb Code     2  lcdnull.o(i.LCD_L0_SetLUTEntry)
    LCD_L0_SetPixelIndex                     0x08003841   Thumb Code     8  lcdnull.o(i.LCD_L0_SetPixelIndex)
    LCD_L0_XorPixel                          0x08003849   Thumb Code     2  lcdnull.o(i.LCD_L0_XorPixel)
    NVIC_Init                                0x0800384d   Thumb Code    94  misc.o(i.NVIC_Init)
    NVIC_PriorityGroupConfig                 0x080038b1   Thumb Code    10  misc.o(i.NVIC_PriorityGroupConfig)
    NVIC_SetVectorTable                      0x080038c5   Thumb Code    12  misc.o(i.NVIC_SetVectorTable)
    PVD_IRQHandler                           0x080038d9   Thumb Code     2  stm32f10x_it.o(i.PVD_IRQHandler)
    RCC_APB1PeriphClockCmd                   0x080038dd   Thumb Code    18  stm32f10x_rcc.o(i.RCC_APB1PeriphClockCmd)
    RCC_APB2PeriphClockCmd                   0x080038f5   Thumb Code    18  stm32f10x_rcc.o(i.RCC_APB2PeriphClockCmd)
    RCC_IRQHandler                           0x0800390d   Thumb Code     2  stm32f10x_it.o(i.RCC_IRQHandler)
    RTCAlarm_IRQHandler                      0x0800396d   Thumb Code     8  stm32f10x_it.o(i.RTCAlarm_IRQHandler)
    RTC_IRQHandler                           0x08003975   Thumb Code     2  stm32f10x_it.o(i.RTC_IRQHandler)
    SPI1_IRQHandler                          0x08003977   Thumb Code     2  stm32f10x_it.o(i.SPI1_IRQHandler)
    SPI2_IRQHandler                          0x08003979   Thumb Code     2  stm32f10x_it.o(i.SPI2_IRQHandler)
    SysTick_Configuration                    0x08003a25   Thumb Code    28  sysconfig.o(i.SysTick_Configuration)
    SysTick_Handler                          0x08003a49   Thumb Code    10  stm32f10x_it.o(i.SysTick_Handler)
    SystemInit                               0x08003a59   Thumb Code    64  system_stm32f10x.o(i.SystemInit)
    TAMPER_IRQHandler                        0x08003aa9   Thumb Code     2  stm32f10x_it.o(i.TAMPER_IRQHandler)
    TIM1_BRK_IRQHandler                      0x08003aab   Thumb Code     2  stm32f10x_it.o(i.TIM1_BRK_IRQHandler)
    TIM1_CC_IRQHandler                       0x08003aad   Thumb Code     2  stm32f10x_it.o(i.TIM1_CC_IRQHandler)
    TIM1_TRG_COM_IRQHandler                  0x08003aaf   Thumb Code     2  stm32f10x_it.o(i.TIM1_TRG_COM_IRQHandler)
    TIM1_UP_IRQHandler                       0x08003ab1   Thumb Code     2  stm32f10x_it.o(i.TIM1_UP_IRQHandler)
    TIM2_Config                              0x08003ab3   Thumb Code    74  sysconfig.o(i.TIM2_Config)
    TIM2_IRQHandler                          0x08003afd   Thumb Code    38  stm32f10x_it.o(i.TIM2_IRQHandler)
    TIM3_IRQHandler                          0x08003b29   Thumb Code     2  stm32f10x_it.o(i.TIM3_IRQHandler)
    TIM4_IRQHandler                          0x08003b2b   Thumb Code     2  stm32f10x_it.o(i.TIM4_IRQHandler)
    TIM_ARRPreloadConfig                     0x08003b2d   Thumb Code    20  stm32f10x_tim.o(i.TIM_ARRPreloadConfig)
    TIM_ClearITPendingBit                    0x08003b41   Thumb Code     6  stm32f10x_tim.o(i.TIM_ClearITPendingBit)
    TIM_GetITStatus                          0x08003b47   Thumb Code    24  stm32f10x_tim.o(i.TIM_GetITStatus)
    TIM_ITConfig                             0x08003b5f   Thumb Code    16  stm32f10x_tim.o(i.TIM_ITConfig)
    TIM_TimeBaseInit                         0x08003b71   Thumb Code   114  stm32f10x_tim.o(i.TIM_TimeBaseInit)
    Touch_GPIO_Config                        0x08003c0d   Thumb Code   124  touch.o(i.Touch_GPIO_Config)
    USART1_IRQHandler                        0x08003c91   Thumb Code     2  stm32f10x_it.o(i.USART1_IRQHandler)
    USART2_IRQHandler                        0x08003c93   Thumb Code     2  stm32f10x_it.o(i.USART2_IRQHandler)
    USART3_IRQHandler                        0x08003c95   Thumb Code     2  stm32f10x_it.o(i.USART3_IRQHandler)
    USBWakeUp_IRQHandler                     0x08003c97   Thumb Code     2  stm32f10x_it.o(i.USBWakeUp_IRQHandler)
    WWDG_IRQHandler                          0x08003cfd   Thumb Code     2  stm32f10x_it.o(i.WWDG_IRQHandler)
    main                                     0x08003d11   Thumb Code    36  main.o(i.main)
    acFont8x16                               0x08003da0   Data        2608  f8x16.o(.constdata)
    TransList8x16                            0x080047d0   Data         448  f8x16.o(.constdata)
    TransInfo8x16                            0x08004990   Data           8  f8x16.o(.constdata)
    FontMono8x16                             0x08004998   Data          20  f8x16.o(.constdata)
    GUI_Font8x16                             0x080049ac   Data          32  f8x16.o(.constdata)
    GUI__API_TableNone                       0x080049cc   Data          16  gui_uc_encodenone.o(.constdata)
    GUI_BitmapArrowM                         0x080049dc   Data          20  gui_cursorarrowm.o(.constdata)
    GUI_CursorArrowM                         0x080049f0   Data          12  gui_cursorarrowm.o(.constdata)
    GUI_CursorPal                            0x08004a08   Data          12  gui_cursorpal.o(.constdata)
    LCD_L0_APIList                           0x08004a14   Data          48  lcd_api.o(.constdata)
    GUI_Pixels_ArrowM                        0x08004a44   Data          60  gui_cursorarrowmpx.o(.constdata)
    Region$$Table$$Base                      0x08004a80   Number         0  anon$$obj.o(Region$$Table)
    Region$$Table$$Limit                     0x08004aa0   Number         0  anon$$obj.o(Region$$Table)
    TimingDelay                              0x20000000   Data           4  stm32f10x_it.o(.data)
    OS_TimeMS                                0x20000004   Data           4  gui_x.o(.data)
    hongwai_lock                             0x20000008   Data           1  ov7670_test.o(.data)
    OV7670_Done_FLAG                         0x20000009   Data           1  ov7670_test.o(.data)
    GUI_DecChar                              0x2000005c   Data           1  guicore.o(.data)
    WM_pfHandlePID                           0x20000064   Data           4  guicore.o(.data)
    GUI_pfDispCharStyle                      0x20000068   Data           4  guicore.o(.data)
    GUI_pLCD_APIList                         0x2000006c   Data           4  guicore.o(.data)
    GUI_CURSOR_pfTempHide                    0x20000070   Data           4  guicore.o(.data)
    GUI_CURSOR_pfTempUnhide                  0x20000074   Data           4  guicore.o(.data)
    WM_IsActive                              0x20000079   Data           1  wm.o(.data)
    WM__PaintCallbackCnt                     0x2000007a   Data           1  wm.o(.data)
    WM__NumWindows                           0x2000007c   Data           2  wm.o(.data)
    WM__NumInvalidWindows                    0x2000007e   Data           2  wm.o(.data)
    WM__FirstWin                             0x20000080   Data           2  wm.o(.data)
    WM__ahDesktopWin                         0x20000082   Data           2  wm.o(.data)
    WM__CreateFlags                          0x20000084   Data           2  wm.o(.data)
    WM__hCapture                             0x20000086   Data           2  wm.o(.data)
    WM__hWinFocus                            0x20000088   Data           2  wm.o(.data)
    WM__hATransWindow                        0x2000008a   Data           2  wm.o(.data)
    WM__pFirstCriticalHandle                 0x20000090   Data           4  wm.o(.data)
    WM__aBkColor                             0x20000094   Data           4  wm.o(.data)
    WM_pfPollPID                             0x20000098   Data           4  wm.o(.data)
    WM__TransWindowCnt                       0x2000009c   Data           4  wm.o(.data)
    WM__CaptureReleaseAuto                   0x200000a0   Data           1  wm.o(.data)
    WM__CHWinModal                           0x200000ac   Data           8  wmtouch.o(.data)
    WM__CHWinLast                            0x200000b4   Data           8  wmtouch.o(.data)
    LCD_aAPI                                 0x200000ec   Data           4  lcd_api.o(.data)
    GUI_Heap                                 0x200000f0   Data        5120  guialloc.o(.bss)
    GUI_ALLOC                                0x200018bc   Data          20  guialloc.o(.bss)
    GUI_Context                              0x200018d0   Data          80  guicore.o(.bss)
    WM_PID__StateLast                        0x20001920   Data          12  wm.o(.bss)
    LCD__aConvTable                          0x2000195c   Data         512  lcdcolor.o(.bss)
    __libspace_start                         0x20001b68   Data          96  libspace.o(.bss)
    __temporary_stack_top$libspace           0x20001bc8   Data           0  libspace.o(.bss)



==============================================================================

Memory Map of the image

  Image Entry point : 0x08000189

  Load Region LR_1 (Base: 0x08000000, Size: 0x00004b90, Max: 0xffffffff, ABSOLUTE)

    Execution Region ER_RO (Base: 0x08000000, Size: 0x00004aa0, Max: 0xffffffff, ABSOLUTE)

    Base Addr    Size         Type   Attr      Idx    E Section Name        Object

    0x08000000   0x000000ec   Data   RO          461    RESET               startup_stm32f10x_md.o
    0x080000ec   0x00000008   Code   RO         5832  * !!!main             c_w.l(__main.o)
    0x080000f4   0x00000034   Code   RO         6224    !!!scatter          c_w.l(__scatter.o)
    0x08000128   0x0000001a   Code   RO         6226    !!handler_copy      c_w.l(__scatter_copy.o)
    0x08000142   0x00000002   PAD
    0x08000144   0x0000001c   Code   RO         6228    !!handler_zi        c_w.l(__scatter_zi.o)
    0x08000160   0x00000002   Code   RO         6032    .ARM.Collect$$libinit$$00000000  c_w.l(libinit.o)
    0x08000162   0x00000000   Code   RO         6034    .ARM.Collect$$libinit$$00000002  c_w.l(libinit2.o)
    0x08000162   0x00000000   Code   RO         6036    .ARM.Collect$$libinit$$00000004  c_w.l(libinit2.o)
    0x08000162   0x00000000   Code   RO         6039    .ARM.Collect$$libinit$$0000000A  c_w.l(libinit2.o)
    0x08000162   0x00000000   Code   RO         6041    .ARM.Collect$$libinit$$0000000C  c_w.l(libinit2.o)
    0x08000162   0x00000000   Code   RO         6043    .ARM.Collect$$libinit$$0000000E  c_w.l(libinit2.o)
    0x08000162   0x00000000   Code   RO         6046    .ARM.Collect$$libinit$$00000011  c_w.l(libinit2.o)
    0x08000162   0x00000000   Code   RO         6048    .ARM.Collect$$libinit$$00000013  c_w.l(libinit2.o)
    0x08000162   0x00000000   Code   RO         6050    .ARM.Collect$$libinit$$00000015  c_w.l(libinit2.o)
    0x08000162   0x00000000   Code   RO         6052    .ARM.Collect$$libinit$$00000017  c_w.l(libinit2.o)
    0x08000162   0x00000000   Code   RO         6054    .ARM.Collect$$libinit$$00000019  c_w.l(libinit2.o)
    0x08000162   0x00000000   Code   RO         6056    .ARM.Collect$$libinit$$0000001B  c_w.l(libinit2.o)
    0x08000162   0x00000000   Code   RO         6058    .ARM.Collect$$libinit$$0000001D  c_w.l(libinit2.o)
    0x08000162   0x00000000   Code   RO         6060    .ARM.Collect$$libinit$$0000001F  c_w.l(libinit2.o)
    0x08000162   0x00000000   Code   RO         6062    .ARM.Collect$$libinit$$00000021  c_w.l(libinit2.o)
    0x08000162   0x00000000   Code   RO         6064    .ARM.Collect$$libinit$$00000023  c_w.l(libinit2.o)
    0x08000162   0x00000000   Code   RO         6066    .ARM.Collect$$libinit$$00000025  c_w.l(libinit2.o)
    0x08000162   0x00000000   Code   RO         6070    .ARM.Collect$$libinit$$0000002C  c_w.l(libinit2.o)
    0x08000162   0x00000000   Code   RO         6072    .ARM.Collect$$libinit$$0000002E  c_w.l(libinit2.o)
    0x08000162   0x00000000   Code   RO         6074    .ARM.Collect$$libinit$$00000030  c_w.l(libinit2.o)
    0x08000162   0x00000000   Code   RO         6076    .ARM.Collect$$libinit$$00000032  c_w.l(libinit2.o)
    0x08000162   0x00000002   Code   RO         6077    .ARM.Collect$$libinit$$00000033  c_w.l(libinit2.o)
    0x08000164   0x00000002   Code   RO         6203    .ARM.Collect$$libshutdown$$00000000  c_w.l(libshutdown.o)
    0x08000166   0x00000000   Code   RO         6080    .ARM.Collect$$libshutdown$$00000003  c_w.l(libshutdown2.o)
    0x08000166   0x00000000   Code   RO         6083    .ARM.Collect$$libshutdown$$00000006  c_w.l(libshutdown2.o)
    0x08000166   0x00000000   Code   RO         6086    .ARM.Collect$$libshutdown$$00000009  c_w.l(libshutdown2.o)
    0x08000166   0x00000000   Code   RO         6088    .ARM.Collect$$libshutdown$$0000000B  c_w.l(libshutdown2.o)
    0x08000166   0x00000000   Code   RO         6091    .ARM.Collect$$libshutdown$$0000000E  c_w.l(libshutdown2.o)
    0x08000166   0x00000002   Code   RO         6092    .ARM.Collect$$libshutdown$$0000000F  c_w.l(libshutdown2.o)
    0x08000168   0x00000000   Code   RO         5866    .ARM.Collect$$rtentry$$00000000  c_w.l(__rtentry.o)
    0x08000168   0x00000000   Code   RO         5909    .ARM.Collect$$rtentry$$00000002  c_w.l(__rtentry2.o)
    0x08000168   0x00000006   Code   RO         5921    .ARM.Collect$$rtentry$$00000004  c_w.l(__rtentry4.o)
    0x0800016e   0x00000000   Code   RO         5911    .ARM.Collect$$rtentry$$00000009  c_w.l(__rtentry2.o)
    0x0800016e   0x00000004   Code   RO         5912    .ARM.Collect$$rtentry$$0000000A  c_w.l(__rtentry2.o)
    0x08000172   0x00000000   Code   RO         5914    .ARM.Collect$$rtentry$$0000000C  c_w.l(__rtentry2.o)
    0x08000172   0x00000008   Code   RO         5915    .ARM.Collect$$rtentry$$0000000D  c_w.l(__rtentry2.o)
    0x0800017a   0x00000002   Code   RO         6101    .ARM.Collect$$rtexit$$00000000  c_w.l(rtexit.o)
    0x0800017c   0x00000000   Code   RO         6149    .ARM.Collect$$rtexit$$00000002  c_w.l(rtexit2.o)
    0x0800017c   0x00000004   Code   RO         6150    .ARM.Collect$$rtexit$$00000003  c_w.l(rtexit2.o)
    0x08000180   0x00000006   Code   RO         6151    .ARM.Collect$$rtexit$$00000004  c_w.l(rtexit2.o)
    0x08000186   0x00000002   PAD
    0x08000188   0x00000034   Code   RO          462  * .text               startup_stm32f10x_md.o
    0x080001bc   0x00000030   Code   RO         4592    .text               Camera_uCGUI Lib.lib(gui_goto.o)
    0x080001ec   0x00000080   Code   RO         4594    .text               Camera_uCGUI Lib.lib(gui_onkey.o)
    0x0800026c   0x00000024   Code   RO         4598    .text               Camera_uCGUI Lib.lib(gui_pen.o)
    0x08000290   0x00000008   Code   RO         4600    .text               Camera_uCGUI Lib.lib(gui_setcolor.o)
    0x08000298   0x00000010   Code   RO         4602    .text               Camera_uCGUI Lib.lib(gui_setfont.o)
    0x080002a8   0x0000018c   Code   RO         4604    .text               Camera_uCGUI Lib.lib(gui_touch_driveranalog.o)
    0x08000434   0x000002e8   Code   RO         4607    .text               Camera_uCGUI Lib.lib(guialloc.o)
    0x0800071c   0x00000080   Code   RO         4611    .text               Camera_uCGUI Lib.lib(guichar.o)
    0x0800079c   0x00000100   Code   RO         4615    .text               Camera_uCGUI Lib.lib(guicore.o)
    0x0800089c   0x00000cd0   Code   RO         5169    .text               Camera_uCGUI Lib.lib(wm.o)
    0x0800156c   0x0000000c   Code   RO         5183    .text               Camera_uCGUI Lib.lib(wm_getdesktopwindow.o)
    0x08001578   0x00000010   Code   RO         5195    .text               Camera_uCGUI Lib.lib(wm_getparent.o)
    0x08001588   0x0000003a   Code   RO         5233    .text               Camera_uCGUI Lib.lib(gui__intersectrect.o)
    0x080015c2   0x00000052   Code   RO         5235    .text               Camera_uCGUI Lib.lib(gui__intersectrects.o)
    0x08001614   0x0000001c   Code   RO         5255    .text               Camera_uCGUI Lib.lib(gui_alloc_alloczero.o)
    0x08001630   0x000000ec   Code   RO         5261    .text               Camera_uCGUI Lib.lib(gui_dispstring.o)
    0x0800171c   0x00000058   Code   RO         5285    .text               Camera_uCGUI Lib.lib(gui_mergerect.o)
    0x08001774   0x0000001e   Code   RO         5287    .text               Camera_uCGUI Lib.lib(gui_moverect.o)
    0x08001792   0x00000038   Code   RO         5289    .text               Camera_uCGUI Lib.lib(gui_rectsintersect.o)
    0x080017ca   0x00000002   PAD
    0x080017cc   0x00000018   Code   RO         5291    .text               Camera_uCGUI Lib.lib(gui_savecontext.o)
    0x080017e4   0x00000040   Code   RO         5293    .text               Camera_uCGUI Lib.lib(gui_setdefault.o)
    0x08001824   0x00000010   Code   RO         5295    .text               Camera_uCGUI Lib.lib(gui_settextalign.o)
    0x08001834   0x00000010   Code   RO         5297    .text               Camera_uCGUI Lib.lib(gui_settextmode.o)
    0x08001844   0x0000003c   Code   RO         5299    .text               Camera_uCGUI Lib.lib(gui_touch_storeunstable.o)
    0x08001880   0x00000094   Code   RO         5302    .text               Camera_uCGUI Lib.lib(gui_uc.o)
    0x08001914   0x00000024   Code   RO         5304    .text               Camera_uCGUI Lib.lib(gui_uc_encodenone.o)
    0x08001938   0x00000148   Code   RO         5307    .text               Camera_uCGUI Lib.lib(guicharline.o)
    0x08001a80   0x00000164   Code   RO         5309    .text               Camera_uCGUI Lib.lib(guicharm.o)
    0x08001be4   0x00000348   Code   RO         5315    .text               Camera_uCGUI Lib.lib(lcd.o)
    0x08001f2c   0x0000001e   Code   RO         5319    .text               Camera_uCGUI Lib.lib(lcd_l0_generic.o)
    0x08001f4a   0x00000002   PAD
    0x08001f4c   0x0000001c   Code   RO         5321    .text               Camera_uCGUI Lib.lib(lcd_setcliprectex.o)
    0x08001f68   0x0000002c   Code   RO         5586    .text               Camera_uCGUI Lib.lib(wm__isancestor.o)
    0x08001f94   0x00000014   Code   RO         5588    .text               Camera_uCGUI Lib.lib(wm__isenabled.o)
    0x08001fa8   0x00000042   Code   RO         5594    .text               Camera_uCGUI Lib.lib(wm_bringtobottom.o)
    0x08001fea   0x00000002   PAD
    0x08001fec   0x00000034   Code   RO         5598    .text               Camera_uCGUI Lib.lib(wm_criticalhandle.o)
    0x08002020   0x00000004   Code   RO         5616    .text               Camera_uCGUI Lib.lib(wm_iswindow.o)
    0x08002024   0x00000010   Code   RO         5620    .text               Camera_uCGUI Lib.lib(wm_notifyparent.o)
    0x08002034   0x00000030   Code   RO         5622    .text               Camera_uCGUI Lib.lib(wm_onkey.o)
    0x08002064   0x0000009c   Code   RO         5624    .text               Camera_uCGUI Lib.lib(wm_screen2win.o)
    0x08002100   0x0000001e   Code   RO         5628    .text               Camera_uCGUI Lib.lib(wm_sendtoparent.o)
    0x0800211e   0x00000002   PAD
    0x08002120   0x00000044   Code   RO         5630    .text               Camera_uCGUI Lib.lib(wm_setcapture.o)
    0x08002164   0x000001d8   Code   RO         5645    .text               Camera_uCGUI Lib.lib(wmtouch.o)
    0x0800233c   0x0000001c   Code   RO         5648    .text               Camera_uCGUI Lib.lib(lcdpm565.o)
    0x08002358   0x0000004a   Code   RO         5652    .text               Camera_uCGUI Lib.lib(gui__memset.o)
    0x080023a2   0x00000002   PAD
    0x080023a4   0x00000044   Code   RO         5662    .text               Camera_uCGUI Lib.lib(gui_pid.o)
    0x080023e8   0x00000004   Code   RO         5665    .text               Camera_uCGUI Lib.lib(gui_setdrawmode.o)
    0x080023ec   0x00000010   Code   RO         5667    .text               Camera_uCGUI Lib.lib(gui_setlinestyle.o)
    0x080023fc   0x00000024   Code   RO         5669    .text               Camera_uCGUI Lib.lib(gui_touch_storestate.o)
    0x08002420   0x00000504   Code   RO         5672    .text               Camera_uCGUI Lib.lib(guicurs.o)
    0x08002924   0x00000040   Code   RO         5675    .text               Camera_uCGUI Lib.lib(lcdcolor.o)
    0x08002964   0x00000034   Code   RO         5678    .text               Camera_uCGUI Lib.lib(lcdpm565_index2color.o)
    0x08002998   0x00000026   Code   RO         5696    .text               Camera_uCGUI Lib.lib(wm__getprevsibling.o)
    0x080029be   0x00000020   Code   RO         5698    .text               Camera_uCGUI Lib.lib(wm__sendmessage.o)
    0x080029de   0x0000001c   Code   RO         5700    .text               Camera_uCGUI Lib.lib(wm__sendmessageifenabled.o)
    0x080029fa   0x0000008e   Code   RO         5715    .text               Camera_uCGUI Lib.lib(gui_getbitmappixelindex.o)
    0x08002a88   0x0000003c   Code   RO         5717    .text               Camera_uCGUI Lib.lib(gui_touch.o)
    0x08002ac4   0x00000014   Code   RO         5724    .text               Camera_uCGUI Lib.lib(wm__getfirstsibling.o)
    0x08002ad8   0x00000058   Code   RO         5814    .text               c_w.l(memcmp.o)
    0x08002b30   0x0000008a   Code   RO         5822    .text               c_w.l(rt_memcpy_v6.o)
    0x08002bba   0x00000084   Code   RO         5824    .text               c_w.l(rt_memmove_v6.o)
    0x08002c3e   0x00000064   Code   RO         5826    .text               c_w.l(rt_memcpy_w.o)
    0x08002ca2   0x00000006   Code   RO         5830    .text               c_w.l(heapauxi.o)
    0x08002ca8   0x0000007a   Code   RO         5889    .text               c_w.l(rt_memmove_w.o)
    0x08002d22   0x0000004a   Code   RO         5944    .text               c_w.l(sys_stackheap_outer.o)
    0x08002d6c   0x0000000c   Code   RO         6021    .text               c_w.l(exit.o)
    0x08002d78   0x00000008   Code   RO         6095    .text               c_w.l(libspace.o)
    0x08002d80   0x00000002   Code   RO         6098    .text               c_w.l(use_no_semi.o)
    0x08002d82   0x00000000   Code   RO         6100    .text               c_w.l(indicate_semi.o)
    0x08002d82   0x00000002   PAD
    0x08002d84   0x0000000c   Code   RO         6146    .text               c_w.l(sys_exit.o)
    0x08002d90   0x0000003c   Code   RO         1985    i.BlockWrite        ili9325.o
    0x08002dcc   0x0000004c   Code   RO         4466    i.DrawBitLine16BPP  lcdnull.o
    0x08002e18   0x000001f8   Code   RO         4467    i.DrawBitLine1BPP   lcdnull.o
    0x08003010   0x000001ec   Code   RO         4468    i.DrawBitLine2BPP   lcdnull.o
    0x080031fc   0x00000114   Code   RO         4469    i.DrawBitLine4BPP   lcdnull.o
    0x08003310   0x0000008c   Code   RO         4470    i.DrawBitLine8BPP   lcdnull.o
    0x0800339c   0x0000001c   Code   RO         1987    i.DrawPixel         ili9325.o
    0x080033b8   0x00000002   Code   RO           13    i.EXTI0_IRQHandler  stm32f10x_it.o
    0x080033ba   0x00000002   PAD
    0x080033bc   0x00000034   Code   RO           14    i.EXTI15_10_IRQHandler  stm32f10x_it.o
    0x080033f0   0x00000006   Code   RO           15    i.EXTI1_IRQHandler  stm32f10x_it.o
    0x080033f6   0x00000002   Code   RO           16    i.EXTI2_IRQHandler  stm32f10x_it.o
    0x080033f8   0x00000002   Code   RO           17    i.EXTI3_IRQHandler  stm32f10x_it.o
    0x080033fa   0x00000002   Code   RO           18    i.EXTI4_IRQHandler  stm32f10x_it.o
    0x080033fc   0x00000002   Code   RO           19    i.EXTI9_5_IRQHandler  stm32f10x_it.o
    0x080033fe   0x00000002   PAD
    0x08003400   0x0000000c   Code   RO         4119    i.EXTI_ClearITPendingBit  stm32f10x_exti.o
    0x0800340c   0x00000020   Code   RO         4123    i.EXTI_GetITStatus  stm32f10x_exti.o
    0x0800342c   0x00000002   Code   RO           20    i.FLASH_IRQHandler  stm32f10x_it.o
    0x0800342e   0x0000009c   Code   RO         2792    i.GPIO_Init         stm32f10x_gpio.o
    0x080034ca   0x0000000e   Code   RO         2796    i.GPIO_ReadInputDataBit  stm32f10x_gpio.o
    0x080034d8   0x00000004   Code   RO         2799    i.GPIO_ResetBits    stm32f10x_gpio.o
    0x080034dc   0x00000004   Code   RO         2800    i.GPIO_SetBits      stm32f10x_gpio.o
    0x080034e0   0x00000002   Code   RO         2246    i.GUI_TOUCH_X_ActivateX  touch.o
    0x080034e2   0x00000002   Code   RO         2247    i.GUI_TOUCH_X_ActivateY  touch.o
    0x080034e4   0x0000006a   Code   RO         2248    i.GUI_TOUCH_X_MeasureX  touch.o
    0x0800354e   0x0000006a   Code   RO         2249    i.GUI_TOUCH_X_MeasureY  touch.o
    0x080035b8   0x00000002   Code   RO          657    i.GUI_X_Init        gui_x.o
    0x080035ba   0x00000002   PAD
    0x080035bc   0x00000088   Code   RO         1988    i.GetPoint          ili9325.o
    0x08003644   0x00000002   Code   RO           22    i.I2C1_ER_IRQHandler  stm32f10x_it.o
    0x08003646   0x00000002   Code   RO           23    i.I2C1_EV_IRQHandler  stm32f10x_it.o
    0x08003648   0x00000002   Code   RO           24    i.I2C2_ER_IRQHandler  stm32f10x_it.o
    0x0800364a   0x00000002   Code   RO           25    i.I2C2_EV_IRQHandler  stm32f10x_it.o
    0x0800364c   0x00000062   Code   RO         2462    i.InterruptConfig   sysconfig.o
    0x080036ae   0x000000e2   Code   RO         4471    i.LCD_L0_DrawBitmap  lcdnull.o
    0x08003790   0x00000034   Code   RO         4472    i.LCD_L0_DrawHLine  lcdnull.o
    0x080037c4   0x00000034   Code   RO         4473    i.LCD_L0_DrawVLine  lcdnull.o
    0x080037f8   0x00000038   Code   RO         4474    i.LCD_L0_FillRect   lcdnull.o
    0x08003830   0x00000008   Code   RO         4475    i.LCD_L0_GetPixelIndex  lcdnull.o
    0x08003838   0x00000004   Code   RO         4476    i.LCD_L0_Init       lcdnull.o
    0x0800383c   0x00000002   Code   RO         4477    i.LCD_L0_On         lcdnull.o
    0x0800383e   0x00000002   Code   RO         4478    i.LCD_L0_SetLUTEntry  lcdnull.o
    0x08003840   0x00000008   Code   RO         4480    i.LCD_L0_SetPixelIndex  lcdnull.o
    0x08003848   0x00000002   Code   RO         4481    i.LCD_L0_XorPixel   lcdnull.o
    0x0800384a   0x00000002   PAD
    0x0800384c   0x00000064   Code   RO         4250    i.NVIC_Init         misc.o
    0x080038b0   0x00000014   Code   RO         4251    i.NVIC_PriorityGroupConfig  misc.o
    0x080038c4   0x00000014   Code   RO         4252    i.NVIC_SetVectorTable  misc.o
    0x080038d8   0x00000002   Code   RO           28    i.PVD_IRQHandler    stm32f10x_it.o
    0x080038da   0x00000002   PAD
    0x080038dc   0x00000018   Code   RO         2991    i.RCC_APB1PeriphClockCmd  stm32f10x_rcc.o
    0x080038f4   0x00000018   Code   RO         2993    i.RCC_APB2PeriphClockCmd  stm32f10x_rcc.o
    0x0800390c   0x00000002   Code   RO           30    i.RCC_IRQHandler    stm32f10x_it.o
    0x0800390e   0x00000002   PAD
    0x08003910   0x0000005c   Code   RO         2253    i.RD_AD             touch.o
    0x0800396c   0x00000008   Code   RO           31    i.RTCAlarm_IRQHandler  stm32f10x_it.o
    0x08003974   0x00000002   Code   RO           32    i.RTC_IRQHandler    stm32f10x_it.o
    0x08003976   0x00000002   Code   RO           33    i.SPI1_IRQHandler   stm32f10x_it.o
    0x08003978   0x00000002   Code   RO           34    i.SPI2_IRQHandler   stm32f10x_it.o
    0x0800397a   0x00000002   PAD
    0x0800397c   0x000000a8   Code   RO          430    i.SetSysClockTo72   system_stm32f10x.o
    0x08003a24   0x00000024   Code   RO         2464    i.SysTick_Configuration  sysconfig.o
    0x08003a48   0x00000010   Code   RO           36    i.SysTick_Handler   stm32f10x_it.o
    0x08003a58   0x00000050   Code   RO          432    i.SystemInit        system_stm32f10x.o
    0x08003aa8   0x00000002   Code   RO           37    i.TAMPER_IRQHandler  stm32f10x_it.o
    0x08003aaa   0x00000002   Code   RO           38    i.TIM1_BRK_IRQHandler  stm32f10x_it.o
    0x08003aac   0x00000002   Code   RO           39    i.TIM1_CC_IRQHandler  stm32f10x_it.o
    0x08003aae   0x00000002   Code   RO           40    i.TIM1_TRG_COM_IRQHandler  stm32f10x_it.o
    0x08003ab0   0x00000002   Code   RO           41    i.TIM1_UP_IRQHandler  stm32f10x_it.o
    0x08003ab2   0x0000004a   Code   RO         2466    i.TIM2_Config       sysconfig.o
    0x08003afc   0x0000002c   Code   RO           42    i.TIM2_IRQHandler   stm32f10x_it.o
    0x08003b28   0x00000002   Code   RO           43    i.TIM3_IRQHandler   stm32f10x_it.o
    0x08003b2a   0x00000002   Code   RO           44    i.TIM4_IRQHandler   stm32f10x_it.o
    0x08003b2c   0x00000014   Code   RO         3335    i.TIM_ARRPreloadConfig  stm32f10x_tim.o
    0x08003b40   0x00000006   Code   RO         3342    i.TIM_ClearITPendingBit  stm32f10x_tim.o
    0x08003b46   0x00000018   Code   RO         3368    i.TIM_GetITStatus   stm32f10x_tim.o
    0x08003b5e   0x00000010   Code   RO         3372    i.TIM_ITConfig      stm32f10x_tim.o
    0x08003b6e   0x00000002   PAD
    0x08003b70   0x0000009c   Code   RO         3418    i.TIM_TimeBaseInit  stm32f10x_tim.o
    0x08003c0c   0x00000084   Code   RO         2257    i.Touch_GPIO_Config  touch.o
    0x08003c90   0x00000002   Code   RO           45    i.USART1_IRQHandler  stm32f10x_it.o
    0x08003c92   0x00000002   Code   RO           46    i.USART2_IRQHandler  stm32f10x_it.o
    0x08003c94   0x00000002   Code   RO           47    i.USART3_IRQHandler  stm32f10x_it.o
    0x08003c96   0x00000002   Code   RO           48    i.USBWakeUp_IRQHandler  stm32f10x_it.o
    0x08003c98   0x00000064   Code   RO         2258    i.WR_CMD            touch.o
    0x08003cfc   0x00000002   Code   RO           52    i.WWDG_IRQHandler   stm32f10x_it.o
    0x08003cfe   0x00000002   PAD
    0x08003d00   0x00000010   Code   RO         2007    i.WriteData         ili9325.o
    0x08003d10   0x00000024   Code   RO          500    i.main              main.o
    0x08003d34   0x0000006c   Data   RO         4617    .constdata          Camera_uCGUI Lib.lib(guicore.o)
    0x08003da0   0x00000a30   Data   RO         4641    .constdata          Camera_uCGUI Lib.lib(f8x16.o)
    0x080047d0   0x000001c0   Data   RO         4642    .constdata          Camera_uCGUI Lib.lib(f8x16.o)
    0x08004990   0x00000008   Data   RO         4643    .constdata          Camera_uCGUI Lib.lib(f8x16.o)
    0x08004998   0x00000014   Data   RO         4644    .constdata          Camera_uCGUI Lib.lib(f8x16.o)
    0x080049ac   0x00000020   Data   RO         4645    .constdata          Camera_uCGUI Lib.lib(f8x16.o)
    0x080049cc   0x00000010   Data   RO         5305    .constdata          Camera_uCGUI Lib.lib(gui_uc_encodenone.o)
    0x080049dc   0x00000014   Data   RO         5710    .constdata          Camera_uCGUI Lib.lib(gui_cursorarrowm.o)
    0x080049f0   0x0000000c   Data   RO         5711    .constdata          Camera_uCGUI Lib.lib(gui_cursorarrowm.o)
    0x080049fc   0x0000000c   Data   RO         5713    .constdata          Camera_uCGUI Lib.lib(gui_cursorpal.o)
    0x08004a08   0x0000000c   Data   RO         5714    .constdata          Camera_uCGUI Lib.lib(gui_cursorpal.o)
    0x08004a14   0x00000030   Data   RO         5720    .constdata          Camera_uCGUI Lib.lib(lcd_api.o)
    0x08004a44   0x0000003c   Data   RO         5732    .constdata          Camera_uCGUI Lib.lib(gui_cursorarrowmpx.o)
    0x08004a80   0x00000020   Data   RO         6222    Region$$Table       anon$$obj.o


    Execution Region ER_RW (Base: 0x20000000, Size: 0x000000f0, Max: 0xffffffff, ABSOLUTE)

    Base Addr    Size         Type   Attr      Idx    E Section Name        Object

    0x20000000   0x00000004   Data   RW           54    .data               stm32f10x_it.o
    0x20000004   0x00000004   Data   RW          660    .data               gui_x.o
    0x20000008   0x0000000c   Data   RW         1712    .data               ov7670_test.o
    0x20000014   0x00000010   Data   RW         4595    .data               Camera_uCGUI Lib.lib(gui_onkey.o)
    0x20000024   0x00000034   Data   RW         4605    .data               Camera_uCGUI Lib.lib(gui_touch_driveranalog.o)
    0x20000058   0x00000001   Data   RW         4609    .data               Camera_uCGUI Lib.lib(guialloc.o)
    0x20000059   0x00000003   PAD
    0x2000005c   0x00000008   Data   RW         4618    .data               Camera_uCGUI Lib.lib(guicore.o)
    0x20000064   0x00000004   Data   RW         4620    .data               Camera_uCGUI Lib.lib(guicore.o)
    0x20000068   0x00000004   Data   RW         4621    .data               Camera_uCGUI Lib.lib(guicore.o)
    0x2000006c   0x00000004   Data   RW         4622    .data               Camera_uCGUI Lib.lib(guicore.o)
    0x20000070   0x00000004   Data   RW         4623    .data               Camera_uCGUI Lib.lib(guicore.o)
    0x20000074   0x00000004   Data   RW         4624    .data               Camera_uCGUI Lib.lib(guicore.o)
    0x20000078   0x00000028   Data   RW         5172    .data               Camera_uCGUI Lib.lib(wm.o)
    0x200000a0   0x00000001   Data   RW         5173    .data               Camera_uCGUI Lib.lib(wm.o)
    0x200000a1   0x00000003   PAD
    0x200000a4   0x00000008   Data   RW         5300    .data               Camera_uCGUI Lib.lib(gui_touch_storeunstable.o)
    0x200000ac   0x00000010   Data   RW         5646    .data               Camera_uCGUI Lib.lib(wmtouch.o)
    0x200000bc   0x00000030   Data   RW         5673    .data               Camera_uCGUI Lib.lib(guicurs.o)
    0x200000ec   0x00000004   Data   RW         5721    .data               Camera_uCGUI Lib.lib(lcd_api.o)


    Execution Region ER_ZI (Base: 0x200000f0, Size: 0x000022d8, Max: 0xffffffff, ABSOLUTE)

    Base Addr    Size         Type   Attr      Idx    E Section Name        Object

    0x200000f0   0x000017e0   Zero   RW         4608    .bss                Camera_uCGUI Lib.lib(guialloc.o)
    0x200018d0   0x00000050   Zero   RW         4616    .bss                Camera_uCGUI Lib.lib(guicore.o)
    0x20001920   0x0000000c   Zero   RW         5170    .bss                Camera_uCGUI Lib.lib(wm.o)
    0x2000192c   0x00000018   Zero   RW         5171    .bss                Camera_uCGUI Lib.lib(wm.o)
    0x20001944   0x0000000c   Zero   RW         5663    .bss                Camera_uCGUI Lib.lib(gui_pid.o)
    0x20001950   0x0000000c   Zero   RW         5670    .bss                Camera_uCGUI Lib.lib(gui_touch_storestate.o)
    0x2000195c   0x00000200   Zero   RW         5676    .bss                Camera_uCGUI Lib.lib(lcdcolor.o)
    0x20001b5c   0x0000000c   Zero   RW         5718    .bss                Camera_uCGUI Lib.lib(gui_touch.o)
    0x20001b68   0x00000060   Zero   RW         6096    .bss                c_w.l(libspace.o)
    0x20001bc8   0x00000000   Zero   RW          460    HEAP                startup_stm32f10x_md.o
    0x20001bc8   0x00000800   Zero   RW          459    STACK               startup_stm32f10x_md.o


==============================================================================

Image component sizes


      Code (inc. data)   RO Data    RW Data    ZI Data      Debug   Object Name

         0          0          0          0          0         32   core_cm3.o
         2          0          0          4          0        673   gui_x.o
       240         20          0          0          0       3538   ili9325.o
      1900         82          0          0          0      10318   lcdnull.o
        36          0          0          0          0       3727   main.o
       140         24          0          0          0       1885   misc.o
         0          0          0         12          0       2370   ov7670_test.o
        52         18        236          0       2048        820   startup_stm32f10x_md.o
        44         10          0          0          0       1064   stm32f10x_exti.o
       178          0          0          0          0       3268   stm32f10x_gpio.o
       180         22          0          4          0     265330   stm32f10x_it.o
        48         12          0          0          0       1066   stm32f10x_rcc.o
       222         42          0          0          0       4134   stm32f10x_tim.o
       208          8          0          0          0      16763   sysconfig.o
       248         24          0          0          0       1577   system_stm32f10x.o
       540         18          0          0          0       3970   touch.o

    ----------------------------------------------------------------------
      4056        280        268         20       2048     320535   Object Totals
         0          0         32          0          0          0   (incl. Generated)
        18          0          0          0          0          0   (incl. Padding)

    ----------------------------------------------------------------------

      Code (inc. data)   RO Data    RW Data    ZI Data      Debug   Library Member Name

         0          0       3116          0          0          0   f8x16.o
        58          0          0          0          0         68   gui__intersectrect.o
        82          0          0          0          0         80   gui__intersectrects.o
        74          0          0          0          0         76   gui__memset.o
        28          0          0          0          0         80   gui_alloc_alloczero.o
         0          0         32          0          0          0   gui_cursorarrowm.o
         0          0         60          0          0          0   gui_cursorarrowmpx.o
         0          0         24          0          0          0   gui_cursorpal.o
       236          4          0          0          0         88   gui_dispstring.o
       142          0          0          0          0         68   gui_getbitmappixelindex.o
        48          4          0          0          0        144   gui_goto.o
        88          0          0          0          0         76   gui_mergerect.o
        30          0          0          0          0         68   gui_moverect.o
       128          6          0         16          0        244   gui_onkey.o
        36          4          0          0          0        168   gui_pen.o
        68         12          0          0         12        144   gui_pid.o
        56          0          0          0          0         68   gui_rectsintersect.o
        24          6          0          0          0         84   gui_savecontext.o
         8          0          0          0          0         84   gui_setcolor.o
        64          6          0          0          0         96   gui_setdefault.o
         4          0          0          0          0         68   gui_setdrawmode.o
        16          4          0          0          0         68   gui_setfont.o
        16          6          0          0          0         68   gui_setlinestyle.o
        16          4          0          0          0         68   gui_settextalign.o
        16          4          0          0          0         68   gui_settextmode.o
        60          4          0          0         12        160   gui_touch.o
       396          6          0         52          0        400   gui_touch_driveranalog.o
        36          6          0          0         12         68   gui_touch_storestate.o
        60          6          0          8          0        156   gui_touch_storeunstable.o
       148          4          0          0          0        212   gui_uc.o
        36         10         16          0          0        184   gui_uc_encodenone.o
       744         18          0          1       6112        448   guialloc.o
       128          8          0          0          0        268   guichar.o
       328         14          0          0          0        168   guicharline.o
       356          6          0          0          0        300   guicharm.o
       256         22        108         28         80        140   guicore.o
      1284         34          0         48          0        488   guicurs.o
       840          8          0          0          0        460   lcd.o
         0          0         48          4          0          0   lcd_api.o
        30          0          0          0          0        168   lcd_l0_generic.o
        28          6          0          0          0         76   lcd_setcliprectex.o
        64          6          0          0        512        168   lcdcolor.o
        28          0          0          0          0        136   lcdpm565.o
        52          0          0          0          0         76   lcdpm565_index2color.o
      3280         58          0         41         36       1504   wm.o
        20          0          0          0          0         76   wm__getfirstsibling.o
        38          0          0          0          0         80   wm__getprevsibling.o
        44          0          0          0          0         96   wm__isancestor.o
        20          0          0          0          0         76   wm__isenabled.o
        32          0          0          0          0         96   wm__sendmessage.o
        28          0          0          0          0         92   wm__sendmessageifenabled.o
        66          0          0          0          0         96   wm_bringtobottom.o
        52          4          0          0          0        136   wm_criticalhandle.o
        12          4          0          0          0         68   wm_getdesktopwindow.o
        16          0          0          0          0         76   wm_getparent.o
         4          0          0          0          0         68   wm_iswindow.o
        16          0          0          0          0         76   wm_notifyparent.o
        48          4          0          0          0         80   wm_onkey.o
       156          6          0          0          0        188   wm_screen2win.o
        30          0          0          0          0         92   wm_sendtoparent.o
        68          8          0          0          0        124   wm_setcapture.o
       472         16          0         16          0        184   wmtouch.o
         8          0          0          0          0         68   __main.o
         0          0          0          0          0          0   __rtentry.o
        12          0          0          0          0          0   __rtentry2.o
         6          0          0          0          0          0   __rtentry4.o
        52          8          0          0          0          0   __scatter.o
        26          0          0          0          0          0   __scatter_copy.o
        28          0          0          0          0          0   __scatter_zi.o
        12          0          0          0          0         72   exit.o
         6          0          0          0          0        152   heapauxi.o
         0          0          0          0          0          0   indicate_semi.o
         2          0          0          0          0          0   libinit.o
         2          0          0          0          0          0   libinit2.o
         2          0          0          0          0          0   libshutdown.o
         2          0          0          0          0          0   libshutdown2.o
         8          4          0          0         96         68   libspace.o
        88          0          0          0          0         76   memcmp.o
       138          0          0          0          0         68   rt_memcpy_v6.o
       100          0          0          0          0         80   rt_memcpy_w.o
       132          0          0          0          0         68   rt_memmove_v6.o
       122          0          0          0          0         80   rt_memmove_w.o
         2          0          0          0          0          0   rtexit.o
        10          0          0          0          0          0   rtexit2.o
        12          4          0          0          0         68   sys_exit.o
        74          0          0          0          0         80   sys_stackheap_outer.o
         2          0          0          0          0         68   use_no_semi.o

    ----------------------------------------------------------------------
     11376        334       3404        220       6872      10208   Library Totals
        16          0          0          6          0          0   (incl. Padding)

    ----------------------------------------------------------------------

      Code (inc. data)   RO Data    RW Data    ZI Data      Debug   Library Name

     10514        318       3404        214       6776       9260   Camera_uCGUI Lib.lib
       846         16          0          0         96        948   c_w.l

    ----------------------------------------------------------------------
     11376        334       3404        220       6872      10208   Library Totals

    ----------------------------------------------------------------------

==============================================================================


      Code (inc. data)   RO Data    RW Data    ZI Data      Debug   

     15432        614       3672        240       8920     322055   Grand Totals
     15432        614       3672        240       8920     322055   ELF Image Totals
     15432        614       3672        240          0          0   ROM Totals

==============================================================================

    Total RO  Size (Code + RO Data)                19104 (  18.66kB)
    Total RW  Size (RW Data + ZI Data)              9160 (   8.95kB)
    Total ROM Size (Code + RO Data + RW Data)      19344 (  18.89kB)

==============================================================================

