<html>
<body>
<pre>
<h1>礦ision Build Log</h1>
<h2>Tool Versions:</h2>
IDE-Version: μVision V5.15
Copyright (C) 2015 ARM Ltd and ARM Germany GmbH. All rights reserved.
License Information: huangjie18 Microsoft, Microsoft, LIC=GE72Z-J1B51-HP4ZN-YB5S8-LD2AH-93K8B
 
Tool Versions:
Toolchain:       MDK-ARM Professional  Version: 5.15.0
Toolchain Path:  C:\Keil_v5\ARM\ARMCC\Bin
C Compiler:      Armcc.exe V5.05 update 2 (build 169)
Assembler:       Armasm.exe V5.05 update 2 (build 169)
Linker/Locator:  ArmLink.exe V5.05 update 2 (build 169)
Library Manager: ArmAr.exe V5.05 update 2 (build 169)
Hex Converter:   FromElf.exe V5.05 update 2 (build 169)
CPU DLL:         SARMCM3.DLL V5.15.0
Dialog DLL:      DCM.DLL V1.13.2.0
Target DLL:      STLink\ST-LINKIII-KEIL_SWO.dll V2.0.15.0_KEIL
Dialog DLL:      TCM.DLL V1.14.5.0
 
<h2>Project:</h2>
F:\公司\资料\显示屏资料\2.8寸超薄液晶屏_转接板原理图及PCB\Camera and uc_gui_2.75寸\uVision3\Camera and uc_gui_2.0.uvproj
Project File Date:  02/27/2018

<h2>Output:</h2>
*** Using Compiler 'V5.05 update 2 (build 169)', folder: 'C:\Keil_v5\ARM\ARMCC\Bin'
Build target 'Tiky Camera with ucgui and GPS'
creating preprocessor file for stm32f10x_it.c...
creating preprocessor file for core_cm3.c...
creating preprocessor file for system_stm32f10x.c...
creating preprocessor file for ADC.C...
creating preprocessor file for main.c...
compiling main.c...
creating preprocessor file for serialnum.c...
creating preprocessor file for Font_lib_SD.c...
creating preprocessor file for GUI_X.c...
creating preprocessor file for ucGUI_Practice.c...
creating preprocessor file for Dialog_All.c...
creating preprocessor file for DIALOG_SliderColor.c...
creating preprocessor file for WM_LateClipping.c...
creating preprocessor file for DIALOG_NestedModal.c...
creating preprocessor file for WIDGET_Effect.c...
creating preprocessor file for WIDGET_NumPad.c...
creating preprocessor file for WIDGET_Multipage.c...
creating preprocessor file for WIDGET_ButtonRound.c...
creating preprocessor file for GPS_tiky.c...
..\code\GPS\GPS_tiky.h(15): warning:  #1-D: last line of file ends without a newline
  void GPS_button(unsigned char i);
..\code\GPS\GPS_tiky.c: 1 warning, 0 errors
creating preprocessor file for ff.c...
creating preprocessor file for diskio.c...
creating preprocessor file for My_FF.c...
creating preprocessor file for delay.c...
creating preprocessor file for fifo.c...
creating preprocessor file for ov7670.c...
creating preprocessor file for OV7670_test.c...
..\code\driver\msd.h(38): warning:  #47-D: incompatible redefinition of macro "SPI_MISO" (declared at line 26 of "..\code\TFT\touch.h")
  #define        SPI_MISO         GPIO_Pin_6
..\code\OV7670\OV7670_test.c: 1 warning, 0 errors
creating preprocessor file for sccb.c...
creating preprocessor file for my_menu.c...
..\code\menu\my_menu.c(544): warning:  #47-D: incompatible redefinition of macro "B_L" (declared at line 195)
  #define  B_L   67
..\code\menu\my_menu.c: 1 warning, 0 errors
creating preprocessor file for RTC.c...
creating preprocessor file for calendar.c...
creating preprocessor file for ILI9325.c...
creating preprocessor file for picdemo.c...
..\code\driver\msd.h(38): warning:  #47-D: incompatible redefinition of macro "SPI_MISO" (declared at line 26 of "..\code\TFT\touch.h")
  #define        SPI_MISO         GPIO_Pin_6
..\code\TFT\picdemo.c: 1 warning, 0 errors
creating preprocessor file for lcm_api.c...
creating preprocessor file for touch.c...
creating preprocessor file for msd.c...
creating preprocessor file for SysConfig.c...
creating preprocessor file for uart.c...
creating preprocessor file for stm32f10x_adc.c...
creating preprocessor file for stm32f10x_gpio.c...
creating preprocessor file for stm32f10x_rtc.c...
creating preprocessor file for stm32f10x_rcc.c...
creating preprocessor file for stm32f10x_spi.c...
creating preprocessor file for stm32f10x_tim.c...
creating preprocessor file for stm32f10x_usart.c...
creating preprocessor file for stm32f10x_dma.c...
creating preprocessor file for stm32f10x_exti.c...
creating preprocessor file for stm32f10x_bkp.c...
creating preprocessor file for misc.c...
creating preprocessor file for stm32f10x_pwr.c...
creating preprocessor file for stm32f10x_fsmc.c...
creating preprocessor file for LCDNull.c...
creating preprocessor file for mouse.c...
creating preprocessor file for ps2.c...
linking...
Program Size: Code=18524 RO-data=8460 RW-data=212 ZI-data=8924  
FromELF: creating hex file...
"..\Output\tiky.axf" - 0 Error(s), 4 Warning(s).
</pre>
</body>
</html>
